<html>
<body>
<pre>
<h1>礦ision Build Log</h1>
<h2>Project:</h2>
D:\work\stm32实训\资料\code\Drone_RC\RVMDK\RagingFire_RC.uvproj
Project File Date:  11/21/2016

<h2>Output:</h2>
Build target 'RagingFire_RC'
linking...
Program Size: Code=17708 RO-data=556 RW-data=180 ZI-data=2540  
FromELF: creating hex file...
".\Output\RagingFire_RC.axf" - 0 Error(s), 0 Warning(s).
Load "D:\\work\\stm32实训\\资料\\code\\Drone_RC\\RVMDK\\Output\\RagingFire_RC.axf" 
Erase Done.
Programming Done.
Verify OK.
Application running ...
Load "D:\\work\\stm32实训\\资料\\code\\Drone_RC\\RVMDK\\Output\\RagingFire_RC.axf" 
Erase Done.
Programming Done.
Verify OK.
Application running ...
