<html>
<body>
<pre>
<h1>礦ision Build Log</h1>
<h2>Project:</h2>
D:\work\stm32实训\资料\code\Drone_FC\RVMDK\RagingFire_Fly.uvproj
Project File Date:  11/20/2016

<h2>Output:</h2>
Build target 'RagingFire_Fly'
linking...
Program Size: Code=32260 RO-data=796 RW-data=316 ZI-data=3004  
FromELF: creating hex file...
".\Output\RagingFire_Fly.axf" - 0 Error(s), 0 Warning(s).
Load "D:\\work\\stm32实训\\资料\\code\\Drone_FC\\RVMDK\\Output\\RagingFire_Fly.axf" 
Erase Done.
Programming Done.
Verify OK.
Application running ...
Load "D:\\work\\stm32实训\\资料\\code\\Drone_FC\\RVMDK\\Output\\RagingFire_Fly.axf" 
Erase Done.
Programming Done.
Verify OK.
Application running ...
