ARM Linker, 5.03 [Build 76] [MDK-ARM Standard]

==============================================================================

Section Cross References

    startup_stm32f10x_md.o(STACK) refers (Special) to heapauxi.o(.text) for __use_two_region_memory
    startup_stm32f10x_md.o(HEAP) refers (Special) to heapauxi.o(.text) for __use_two_region_memory
    startup_stm32f10x_md.o(RESET) refers (Special) to heapauxi.o(.text) for __use_two_region_memory
    startup_stm32f10x_md.o(RESET) refers to startup_stm32f10x_md.o(STACK) for __initial_sp
    startup_stm32f10x_md.o(RESET) refers to startup_stm32f10x_md.o(.text) for Reset_Handler
    startup_stm32f10x_md.o(RESET) refers to stm32f10x_it.o(i.NMI_Handler) for NMI_Handler
    startup_stm32f10x_md.o(RESET) refers to stm32f10x_it.o(i.HardFault_Handler) for HardFault_Handler
    startup_stm32f10x_md.o(RESET) refers to stm32f10x_it.o(i.MemManage_Handler) for MemManage_Handler
    startup_stm32f10x_md.o(RESET) refers to stm32f10x_it.o(i.BusFault_Handler) for BusFault_Handler
    startup_stm32f10x_md.o(RESET) refers to stm32f10x_it.o(i.UsageFault_Handler) for UsageFault_Handler
    startup_stm32f10x_md.o(RESET) refers to stm32f10x_it.o(i.SVC_Handler) for SVC_Handler
    startup_stm32f10x_md.o(RESET) refers to stm32f10x_it.o(i.DebugMon_Handler) for DebugMon_Handler
    startup_stm32f10x_md.o(RESET) refers to stm32f10x_it.o(i.PendSV_Handler) for PendSV_Handler
    startup_stm32f10x_md.o(RESET) refers to stm32f10x_it.o(i.TIM3_IRQHandler) for TIM3_IRQHandler
    startup_stm32f10x_md.o(RESET) refers to uart.o(i.USART1_IRQHandler) for USART1_IRQHandler
    startup_stm32f10x_md.o(RESET) refers to usart3.o(i.USART3_IRQHandler) for USART3_IRQHandler
    startup_stm32f10x_md.o(RESET) refers to stm32f10x_it.o(i.EXTI15_10_IRQHandler) for EXTI15_10_IRQHandler
    startup_stm32f10x_md.o(.text) refers (Special) to heapauxi.o(.text) for __use_two_region_memory
    startup_stm32f10x_md.o(.text) refers to system_stm32f10x.o(i.SystemInit) for SystemInit
    startup_stm32f10x_md.o(.text) refers to __main.o(!!!main) for __main
    startup_stm32f10x_md.o(.text) refers to startup_stm32f10x_md.o(HEAP) for Heap_Mem
    startup_stm32f10x_md.o(.text) refers to startup_stm32f10x_md.o(STACK) for Stack_Mem
    main.o(i.main) refers to tasks.o(i.BSP_Int) for BSP_Int
    main.o(i.main) refers to tasks.o(i.Task) for Task
    stm32f10x_it.o(i.EXTI15_10_IRQHandler) refers to stm32f10x_exti.o(i.EXTI_GetITStatus) for EXTI_GetITStatus
    stm32f10x_it.o(i.EXTI15_10_IRQHandler) refers to stm32f10x_exti.o(i.EXTI_ClearITPendingBit) for EXTI_ClearITPendingBit
    stm32f10x_it.o(i.EXTI15_10_IRQHandler) refers to spi_nrf24l01.o(i.NRF24L01_IRQ) for NRF24L01_IRQ
    stm32f10x_it.o(i.EXTI15_10_IRQHandler) refers to tasks.o(.data) for Debug
    stm32f10x_it.o(i.TIM3_IRQHandler) refers to tasks.o(i.Task_check) for Task_check
    stm32f10x_it.o(i.TIM3_IRQHandler) refers to tasks.o(.data) for Bsp_Int_Ok
    stm32f10x_it.o(i.TIM3_IRQHandler) refers to timer3.o(.data) for Timer3_Count
    system_stm32f10x.o(i.SetSysClock) refers to system_stm32f10x.o(i.SetSysClockTo72) for SetSysClockTo72
    system_stm32f10x.o(i.SystemCoreClockUpdate) refers to system_stm32f10x.o(.data) for SystemCoreClock
    system_stm32f10x.o(i.SystemInit) refers to system_stm32f10x.o(i.SetSysClock) for SetSysClock
    imu.o(i.Get_Eulerian_Angle) refers to fmul.o(x$fpl$fmul) for __aeabi_fmul
    imu.o(i.Get_Eulerian_Angle) refers to faddsub_clz.o(x$fpl$fsub) for __aeabi_fsub
    imu.o(i.Get_Eulerian_Angle) refers to faddsub_clz.o(x$fpl$fadd) for __aeabi_fadd
    imu.o(i.Get_Eulerian_Angle) refers to f2d.o(x$fpl$f2d) for __aeabi_f2d
    imu.o(i.Get_Eulerian_Angle) refers to atan2.o(i.atan2) for atan2
    imu.o(i.Get_Eulerian_Angle) refers to dmul.o(x$fpl$dmul) for __aeabi_dmul
    imu.o(i.Get_Eulerian_Angle) refers to d2f.o(x$fpl$d2f) for __aeabi_d2f
    imu.o(i.Get_Eulerian_Angle) refers to asin.o(i.asin) for asin
    imu.o(i.Get_Eulerian_Angle) refers to imu.o(.data) for q3
    imu.o(i.IMUupdate) refers to fmul.o(x$fpl$fmul) for __aeabi_fmul
    imu.o(i.IMUupdate) refers to faddsub_clz.o(x$fpl$fadd) for __aeabi_fadd
    imu.o(i.IMUupdate) refers to maths.o(i.invSqrt) for invSqrt
    imu.o(i.IMUupdate) refers to faddsub_clz.o(x$fpl$fsub) for __aeabi_fsub
    imu.o(i.IMUupdate) refers to fflt_clz.o(x$fpl$fflt) for __aeabi_i2f
    imu.o(i.IMUupdate) refers to frleqf.o(x$fpl$frleqf) for __aeabi_cfrcmple
    imu.o(i.IMUupdate) refers to fleqf.o(x$fpl$fleqf) for __aeabi_cfcmple
    imu.o(i.IMUupdate) refers to imu.o(.data) for q0
    imu.o(i.IMUupdate) refers to struct_all.o(.data) for filter_gyro
    imu.o(i.IMUupdate) refers to struct_all.o(.bss) for out_angle
    filter.o(i.ACC_IIR_Filter) refers to fflt_clz.o(x$fpl$fflt) for __aeabi_i2f
    filter.o(i.ACC_IIR_Filter) refers to fmul.o(x$fpl$fmul) for __aeabi_fmul
[...]
    .data                                    0x20000024   Section       28  filter.o(.data)
    Filter_count                             0x20000024   Data           1  filter.o(.data)
    Filter_sum_x                             0x20000028   Data           4  filter.o(.data)
    Filter_sum_y                             0x2000002c   Data           4  filter.o(.data)
    Filter_sum_z                             0x20000030   Data           4  filter.o(.data)
    Filter_count                             0x20000034   Data           1  filter.o(.data)
    Filter_sum                               0x20000038   Data           4  filter.o(.data)
    ACC_IIR_FACTOR                           0x2000003c   Data           4  filter.o(.data)
    .data                                    0x20000040   Section        6  tasks.o(.data)
    .data                                    0x20000048   Section       20  control.o(.data)
    i                                        0x2000004b   Data           1  control.o(.data)
    THROTTLE_out                             0x2000004c   Data           2  control.o(.data)
    count0                                   0x2000004e   Data           1  control.o(.data)
    count1                                   0x2000004f   Data           1  control.o(.data)
    count2                                   0x20000050   Data           1  control.o(.data)
    count3                                   0x20000051   Data           1  control.o(.data)
    count4                                   0x20000052   Data           1  control.o(.data)
    count5                                   0x20000053   Data           1  control.o(.data)
    .data                                    0x2000005c   Section        8  protocol.o(.data)
    _data_len                                0x2000005e   Data           1  protocol.o(.data)
    _data_cnt                                0x2000005f   Data           1  protocol.o(.data)
    state                                    0x20000060   Data           1  protocol.o(.data)
    temp                                     0x20000062   Data           2  protocol.o(.data)
    .data                                    0x20000064   Section        4  led.o(.data)
    .data                                    0x20000068   Section        4  uart.o(.data)
    .data                                    0x2000006c   Section        6  timer3.o(.data)
    .data                                    0x20000074   Section        8  eeprom.o(.data)
    .data                                    0x2000007c   Section       74  struct_all.o(.data)
    .data                                    0x200000c6   Section       10  dma_adc.o(.data)
    i                                        0x200000c8   Data           1  dma_adc.o(.data)
    j                                        0x200000c9   Data           1  dma_adc.o(.data)
    .data                                    0x200000d0   Section       37  i2c_mpu6050.o(.data)
    ACC_X                                    0x200000d8   Data           4  i2c_mpu6050.o(.data)
    ACC_Y                                    0x200000dc   Data           4  i2c_mpu6050.o(.data)
    ACC_Z                                    0x200000e0   Data           4  i2c_mpu6050.o(.data)
    count_acc                                0x200000e4   Data           1  i2c_mpu6050.o(.data)
    GYRO_X                                   0x200000e8   Data           4  i2c_mpu6050.o(.data)
    GYRO_Y                                   0x200000ec   Data           4  i2c_mpu6050.o(.data)
    GYRO_Z                                   0x200000f0   Data           4  i2c_mpu6050.o(.data)
    count_gyro                               0x200000f4   Data           1  i2c_mpu6050.o(.data)
    .data                                    0x200000f6   Section       12  spi_nrf24l01.o(.data)
    TX_ADDRESS                               0x200000f6   Data           5  spi_nrf24l01.o(.data)
    RX_ADDRESS                               0x200000fb   Data           5  spi_nrf24l01.o(.data)
    Nrf_Erro                                 0x20000100   Data           2  spi_nrf24l01.o(.data)
    .data                                    0x20000104   Section       33  us_100.o(.data)
    high_temp                                0x2000011c   Data           2  us_100.o(.data)
    high_sum                                 0x20000120   Data           4  us_100.o(.data)
    count_high                               0x20000124   Data           1  us_100.o(.data)
    .data                                    0x20000125   Section        2  usart3.o(.data)
    .data                                    0x20000127   Section       20  stm32f10x_rcc.o(.data)
    APBAHBPrescTable                         0x20000127   Data          16  stm32f10x_rcc.o(.data)
    ADCPrescTable                            0x20000137   Data           4  stm32f10x_rcc.o(.data)
    .bss                                     0x2000013c   Section      130  filter.o(.bss)
    Filter_x                                 0x2000013c   Data          40  filter.o(.bss)
    Filter_y                                 0x20000164   Data          40  filter.o(.bss)
    Filter_z                                 0x2000018c   Data          40  filter.o(.bss)
    Filter                                   0x200001b4   Data          10  filter.o(.bss)
    .bss                                     0x200001c0   Section       48  control.o(.bss)
    last_angle                               0x200001c0   Data          12  control.o(.bss)
    last_gyro                                0x200001cc   Data          12  control.o(.bss)
    .bss                                     0x200001f0   Section      312  protocol.o(.bss)
    RxBuffer                                 0x200001f0   Data          50  protocol.o(.bss)
    .bss                                     0x20000328   Section      356  uart.o(.bss)
    TxBuff                                   0x20000328   Data         256  uart.o(.bss)
    .bss                                     0x2000048c   Section      188  struct_all.o(.bss)
    .bss                                     0x20000548   Section       14  i2c_mpu6050.o(.bss)
    MPU6050_Buffer                           0x20000548   Data          14  i2c_mpu6050.o(.bss)
    .bss                                     0x20000556   Section       64  spi_nrf24l01.o(.bss)
    .bss                                     0x20000596   Section      256  usart3.o(.bss)
    USART3_TxBuff                            0x20000596   Data         256  usart3.o(.bss)
    .bss                                     0x20000698   Section       96  libspace.o(.bss)
    HEAP                                     0x200006f8   Section      512  startup_stm32f10x_md.o(HEAP)
    Heap_Mem                                 0x200006f8   Data         512  startup_stm32f10x_md.o(HEAP)
    STACK                                    0x200008f8   Section     1024  startup_stm32f10x_md.o(STACK)
    Stack_Mem                                0x200008f8   Data        1024  startup_stm32f10x_md.o(STACK)
    __initial_sp                             0x20000cf8   Data           0  startup_stm32f10x_md.o(STACK)

    Global Symbols

    Symbol Name                              Value     Ov Type        Size  Object(Section)

    BuildAttributes$$THM_ISAv4$P$D$K$B$S$PE$A:L22UL41UL21$X:L11$S22US41US21$IEEE1$IW$USESV6$~STKCKD$USESV7$~SHL$OTIME$ROPI$IEEEX$EBA8$UX$STANDARDLIB$REQ8$PRES8$EABIv2 0x00000000   Number         0  anon$$obj.o ABSOLUTE
    __ARM_use_no_argv                        0x00000000   Number         0  main.o ABSOLUTE
    __ARM_exceptions_init                     - Undefined Weak Reference
    __alloca_initialize                       - Undefined Weak Reference
    __cpp_initialize__aeabi_                  - Undefined Weak Reference
    __cxa_finalize                            - Undefined Weak Reference
    __rt_locale                               - Undefined Weak Reference
    __sigvec_lookup                           - Undefined Weak Reference
    _atexit_init                              - Undefined Weak Reference
    _call_atexit_fns                          - Undefined Weak Reference
    _clock_init                               - Undefined Weak Reference
    _fp_trap_init                             - Undefined Weak Reference
    _fp_trap_shutdown                         - Undefined Weak Reference
    _get_lc_collate                           - Undefined Weak Reference
    _get_lc_ctype                             - Undefined Weak Reference
    _get_lc_monetary                          - Undefined Weak Reference
    _get_lc_numeric                           - Undefined Weak Reference
    _get_lc_time                              - Undefined Weak Reference
    _getenv_init                              - Undefined Weak Reference
    _handle_redirection                       - Undefined Weak Reference
    _init_alloc                               - Undefined Weak Reference
    _init_user_alloc                          - Undefined Weak Reference
    _initio                                   - Undefined Weak Reference
    _rand_init                                - Undefined Weak Reference
    _signal_finish                            - Undefined Weak Reference
    _signal_init                              - Undefined Weak Reference
    _terminate_alloc                          - Undefined Weak Reference
    _terminate_user_alloc                     - Undefined Weak Reference
    _terminateio                              - Undefined Weak Reference
    __Vectors_Size                           0x000000ec   Number         0  startup_stm32f10x_md.o ABSOLUTE
    __Vectors                                0x08000000   Data           4  startup_stm32f10x_md.o(RESET)
    __Vectors_End                            0x080000ec   Data           0  startup_stm32f10x_md.o(RESET)
    __main                                   0x080000ed   Thumb Code     8  __main.o(!!!main)
    __scatterload                            0x080000f5   Thumb Code     0  __scatter.o(!!!scatter)
    __scatterload_rt2                        0x080000f5   Thumb Code    44  __scatter.o(!!!scatter)
    __scatterload_rt2_thumb_only             0x080000f5   Thumb Code     0  __scatter.o(!!!scatter)
    __scatterload_null                       0x08000103   Thumb Code     0  __scatter.o(!!!scatter)
    __decompress                             0x08000129   Thumb Code    90  __dczerorl2.o(!!dczerorl2)
    __decompress1                            0x08000129   Thumb Code     0  __dczerorl2.o(!!dczerorl2)
    __scatterload_zeroinit                   0x08000185   Thumb Code    28  __scatter_zi.o(!!handler_zi)
    __rt_lib_init                            0x080001a1   Thumb Code     0  libinit.o(.ARM.Collect$$libinit$$00000000)
    __rt_lib_init_alloca_1                   0x080001a3   Thumb Code     0  libinit2.o(.ARM.Collect$$libinit$$0000002C)
    __rt_lib_init_argv_1                     0x080001a3   Thumb Code     0  libinit2.o(.ARM.Collect$$libinit$$0000002A)
    __rt_lib_init_atexit_1                   0x080001a3   Thumb Code     0  libinit2.o(.ARM.Collect$$libinit$$00000019)
    __rt_lib_init_clock_1                    0x080001a3   Thumb Code     0  libinit2.o(.ARM.Collect$$libinit$$0000001F)
    __rt_lib_init_cpp_1                      0x080001a3   Thumb Code     0  libinit2.o(.ARM.Collect$$libinit$$00000030)
    __rt_lib_init_exceptions_1               0x080001a3   Thumb Code     0  libinit2.o(.ARM.Collect$$libinit$$0000002E)
    __rt_lib_init_fp_1                       0x080001a3   Thumb Code     0  libinit2.o(.ARM.Collect$$libinit$$00000002)
    __rt_lib_init_fp_trap_1                  0x080001a3   Thumb Code     0  libinit2.o(.ARM.Collect$$libinit$$0000001D)
    __rt_lib_init_getenv_1                   0x080001a3   Thumb Code     0  libinit2.o(.ARM.Collect$$libinit$$00000021)
    __rt_lib_init_heap_1                     0x080001a3   Thumb Code     0  libinit2.o(.ARM.Collect$$libinit$$00000008)
    __rt_lib_init_lc_collate_1               0x080001a3   Thumb Code     0  libinit2.o(.ARM.Collect$$libinit$$0000000F)
    __rt_lib_init_lc_ctype_1                 0x080001a3   Thumb Code     0  libinit2.o(.ARM.Collect$$libinit$$00000011)
    __rt_lib_init_lc_monetary_1              0x080001a3   Thumb Code     0  libinit2.o(.ARM.Collect$$libinit$$00000013)
    __rt_lib_init_lc_numeric_1               0x080001a3   Thumb Code     0  libinit2.o(.ARM.Collect$$libinit$$00000015)
    __rt_lib_init_lc_time_1                  0x080001a3   Thumb Code     0  libinit2.o(.ARM.Collect$$libinit$$00000017)
    __rt_lib_init_rand_1                     0x080001a3   Thumb Code     0  libinit2.o(.ARM.Collect$$libinit$$0000000C)
    __rt_lib_init_return                     0x080001a3   Thumb Code     0  libinit2.o(.ARM.Collect$$libinit$$00000031)
    __rt_lib_init_signal_1                   0x080001a3   Thumb Code     0  libinit2.o(.ARM.Collect$$libinit$$0000001B)
    __rt_lib_init_stdio_1                    0x080001a3   Thumb Code     0  libinit2.o(.ARM.Collect$$libinit$$00000023)
    __rt_lib_init_user_alloc_1               0x080001a3   Thumb Code     0  libinit2.o(.ARM.Collect$$libinit$$0000000A)
    __rt_lib_shutdown                        0x080001a5   Thumb Code     0  libshutdown.o(.ARM.Collect$$libshutdown$$00000000)
    __rt_lib_shutdown_fp_trap_1              0x080001a7   Thumb Code     0  libshutdown2.o(.ARM.Collect$$libshutdown$$00000006)
    __rt_lib_shutdown_heap_1                 0x080001a7   Thumb Code     0  libshutdown2.o(.ARM.Collect$$libshutdown$$0000000E)
    __rt_lib_shutdown_return                 0x080001a7   Thumb Code     0  libshutdown2.o(.ARM.Collect$$libshutdown$$0000000F)
    __rt_lib_shutdown_signal_1               0x080001a7   Thumb Code     0  libshutdown2.o(.ARM.Collect$$libshutdown$$00000009)
    __rt_lib_shutdown_stdio_1                0x080001a7   Thumb Code     0  libshutdown2.o(.ARM.Collect$$libshutdown$$00000003)
    __rt_lib_shutdown_user_alloc_1           0x080001a7   Thumb Code     0  libshutdown2.o(.ARM.Collect$$libshutdown$$0000000B)
    __rt_entry                               0x080001a9   Thumb Code     0  rtentry.o(.ARM.Collect$$rtentry$$00000000)
    __rt_entry_presh_1                       0x080001a9   Thumb Code     0  rtentry2.o(.ARM.Collect$$rtentry$$00000002)
    __rt_entry_sh                            0x080001a9   Thumb Code     0  rtentry4.o(.ARM.Collect$$rtentry$$00000004)
    __rt_entry_li                            0x080001af   Thumb Code     0  rtentry2.o(.ARM.Collect$$rtentry$$0000000A)
    __rt_entry_postsh_1                      0x080001af   Thumb Code     0  rtentry2.o(.ARM.Collect$$rtentry$$00000009)
    __rt_entry_main                          0x080001b3   Thumb Code     0  rtentry2.o(.ARM.Collect$$rtentry$$0000000D)
    __rt_entry_postli_1                      0x080001b3   Thumb Code     0  rtentry2.o(.ARM.Collect$$rtentry$$0000000C)
    __rt_exit                                0x080001bb   Thumb Code     0  rtexit.o(.ARM.Collect$$rtexit$$00000000)
    __rt_exit_ls                             0x080001bd   Thumb Code     0  rtexit2.o(.ARM.Collect$$rtexit$$00000003)
    __rt_exit_prels_1                        0x080001bd   Thumb Code     0  rtexit2.o(.ARM.Collect$$rtexit$$00000002)
    __rt_exit_exit                           0x080001c1   Thumb Code     0  rtexit2.o(.ARM.Collect$$rtexit$$00000004)
    Reset_Handler                            0x080001c9   Thumb Code     8  startup_stm32f10x_md.o(.text)
    SysTick_Handler                          0x080001e1   Thumb Code     2  startup_stm32f10x_md.o(.text)
    ADC1_2_IRQHandler                        0x080001e3   Thumb Code     0  startup_stm32f10x_md.o(.text)
    CAN1_RX1_IRQHandler                      0x080001e3   Thumb Code     0  startup_stm32f10x_md.o(.text)
    CAN1_SCE_IRQHandler                      0x080001e3   Thumb Code     0  startup_stm32f10x_md.o(.text)
    DMA1_Channel1_IRQHandler                 0x080001e3   Thumb Code     0  startup_stm32f10x_md.o(.text)
    DMA1_Channel2_IRQHandler                 0x080001e3   Thumb Code     0  startup_stm32f10x_md.o(.text)
    DMA1_Channel3_IRQHandler                 0x080001e3   Thumb Code     0  startup_stm32f10x_md.o(.text)
    DMA1_Channel4_IRQHandler                 0x080001e3   Thumb Code     0  startup_stm32f10x_md.o(.text)
    DMA1_Channel5_IRQHandler                 0x080001e3   Thumb Code     0  startup_stm32f10x_md.o(.text)
    DMA1_Channel6_IRQHandler                 0x080001e3   Thumb Code     0  startup_stm32f10x_md.o(.text)
    DMA1_Channel7_IRQHandler                 0x080001e3   Thumb Code     0  startup_stm32f10x_md.o(.text)
    EXTI0_IRQHandler                         0x080001e3   Thumb Code     0  startup_stm32f10x_md.o(.text)
    EXTI1_IRQHandler                         0x080001e3   Thumb Code     0  startup_stm32f10x_md.o(.text)
    EXTI2_IRQHandler                         0x080001e3   Thumb Code     0  startup_stm32f10x_md.o(.text)
    EXTI3_IRQHandler                         0x080001e3   Thumb Code     0  startup_stm32f10x_md.o(.text)
    EXTI4_IRQHandler                         0x080001e3   Thumb Code     0  startup_stm32f10x_md.o(.text)
    EXTI9_5_IRQHandler                       0x080001e3   Thumb Code     0  startup_stm32f10x_md.o(.text)
    FLASH_IRQHandler                         0x080001e3   Thumb Code     0  startup_stm32f10x_md.o(.text)
    I2C1_ER_IRQHandler                       0x080001e3   Thumb Code     0  startup_stm32f10x_md.o(.text)
    I2C1_EV_IRQHandler                       0x080001e3   Thumb Code     0  startup_stm32f10x_md.o(.text)
    I2C2_ER_IRQHandler                       0x080001e3   Thumb Code     0  startup_stm32f10x_md.o(.text)
    I2C2_EV_IRQHandler                       0x080001e3   Thumb Code     0  startup_stm32f10x_md.o(.text)
    PVD_IRQHandler                           0x080001e3   Thumb Code     0  startup_stm32f10x_md.o(.text)
    RCC_IRQHandler                           0x080001e3   Thumb Code     0  startup_stm32f10x_md.o(.text)
    RTCAlarm_IRQHandler                      0x080001e3   Thumb Code     0  startup_stm32f10x_md.o(.text)
    RTC_IRQHandler                           0x080001e3   Thumb Code     0  startup_stm32f10x_md.o(.text)
    SPI1_IRQHandler                          0x080001e3   Thumb Code     0  startup_stm32f10x_md.o(.text)
    SPI2_IRQHandler                          0x080001e3   Thumb Code     0  startup_stm32f10x_md.o(.text)
    TAMPER_IRQHandler                        0x080001e3   Thumb Code     0  startup_stm32f10x_md.o(.text)
    TIM1_BRK_IRQHandler                      0x080001e3   Thumb Code     0  startup_stm32f10x_md.o(.text)
    TIM1_CC_IRQHandler                       0x080001e3   Thumb Code     0  startup_stm32f10x_md.o(.text)
    TIM1_TRG_COM_IRQHandler                  0x080001e3   Thumb Code     0  startup_stm32f10x_md.o(.text)
    TIM1_UP_IRQHandler                       0x080001e3   Thumb Code     0  startup_stm32f10x_md.o(.text)
    TIM2_IRQHandler                          0x080001e3   Thumb Code     0  startup_stm32f10x_md.o(.text)
    TIM4_IRQHandler                          0x080001e3   Thumb Code     0  startup_stm32f10x_md.o(.text)
    USART2_IRQHandler                        0x080001e3   Thumb Code     0  startup_stm32f10x_md.o(.text)
    USBWakeUp_IRQHandler                     0x080001e3   Thumb Code     0  startup_stm32f10x_md.o(.text)
    USB_HP_CAN1_TX_IRQHandler                0x080001e3   Thumb Code     0  startup_stm32f10x_md.o(.text)
    USB_LP_CAN1_RX0_IRQHandler               0x080001e3   Thumb Code     0  startup_stm32f10x_md.o(.text)
    WWDG_IRQHandler                          0x080001e3   Thumb Code     0  startup_stm32f10x_md.o(.text)
    __user_initial_stackheap                 0x080001e5   Thumb Code     0  startup_stm32f10x_md.o(.text)
    __use_two_region_memory                  0x08000209   Thumb Code     2  heapauxi.o(.text)
    __rt_heap_escrow$2region                 0x0800020b   Thumb Code     2  heapauxi.o(.text)
    __rt_heap_expand$2region                 0x0800020d   Thumb Code     2  heapauxi.o(.text)
    __read_errno                             0x0800020f   Thumb Code    10  _rserrno.o(.text)
    __set_errno                              0x08000219   Thumb Code    12  _rserrno.o(.text)
    __aeabi_errno_addr                       0x08000225   Thumb Code     8  rt_errno_addr_intlibspace.o(.text)
    __errno$intlibspace                      0x08000225   Thumb Code     0  rt_errno_addr_intlibspace.o(.text)
    __rt_errno_addr$intlibspace              0x08000225   Thumb Code     0  rt_errno_addr_intlibspace.o(.text)
    __user_libspace                          0x0800022d   Thumb Code     8  libspace.o(.text)
    __user_perproc_libspace                  0x0800022d   Thumb Code     0  libspace.o(.text)
    __user_perthread_libspace                0x0800022d   Thumb Code     0  libspace.o(.text)
    __user_setup_stackheap                   0x08000235   Thumb Code    74  sys_stackheap_outer.o(.text)
    exit                                     0x0800027f   Thumb Code    12  exit.o(.text)
    _sys_exit                                0x0800028d   Thumb Code     8  sys_exit.o(.text)
    __I$use$semihosting                      0x08000299   Thumb Code     0  use_no_semi.o(.text)
    __use_no_semihosting_swi                 0x08000299   Thumb Code     2  use_no_semi.o(.text)
    __semihosting_library_function           0x0800029b   Thumb Code     0  indicate_semi.o(.text)
    ACC_IIR_Filter                           0x0800029d   Thumb Code   174  filter.o(i.ACC_IIR_Filter)
    ADC1_Init                                0x08000389   Thumb Code    12  dma_adc.o(i.ADC1_Init)
    ADC_Cmd                                  0x08000489   Thumb Code    22  stm32f10x_adc.o(i.ADC_Cmd)
    ADC_DMACmd                               0x0800049f   Thumb Code    22  stm32f10x_adc.o(i.ADC_DMACmd)
    ADC_DeInit                               0x080004b5   Thumb Code    78  stm32f10x_adc.o(i.ADC_DeInit)
    ADC_GetCalibrationStatus                 0x08000511   Thumb Code    20  stm32f10x_adc.o(i.ADC_GetCalibrationStatus)
    ADC_GetResetCalibrationStatus            0x08000525   Thumb Code    20  stm32f10x_adc.o(i.ADC_GetResetCalibrationStatus)
    ADC_Init                                 0x08000539   Thumb Code    70  stm32f10x_adc.o(i.ADC_Init)
    ADC_RegularChannelConfig                 0x08000589   Thumb Code   184  stm32f10x_adc.o(i.ADC_RegularChannelConfig)
    ADC_ResetCalibration                     0x08000641   Thumb Code    10  stm32f10x_adc.o(i.ADC_ResetCalibration)
    ADC_SoftwareStartConvCmd                 0x0800064b   Thumb Code    22  stm32f10x_adc.o(i.ADC_SoftwareStartConvCmd)
    ADC_StartCalibration                     0x08000661   Thumb Code    10  stm32f10x_adc.o(i.ADC_StartCalibration)
    ADC_TempSensorVrefintCmd                 0x0800066d   Thumb Code    30  stm32f10x_adc.o(i.ADC_TempSensorVrefintCmd)
    ANO_DT_Data_Exchange                     0x08000691   Thumb Code   402  protocol.o(i.ANO_DT_Data_Exchange)
    ANO_DT_Data_Receive_Anl                  0x08000855   Thumb Code  1114  protocol.o(i.ANO_DT_Data_Receive_Anl)
    ANO_DT_Send_Data                         0x08000d31   Thumb Code    16  protocol.o(i.ANO_DT_Send_Data)
    ANO_DT_Send_MotoPWM                      0x08000d41   Thumb Code   294  protocol.o(i.ANO_DT_Send_MotoPWM)
    ANO_DT_Send_PID                          0x08000e6d   Thumb Code   514  protocol.o(i.ANO_DT_Send_PID)
    ANO_DT_Send_Power                        0x08001079   Thumb Code   142  protocol.o(i.ANO_DT_Send_Power)
    ANO_DT_Send_RCData                       0x0800110d   Thumb Code   350  protocol.o(i.ANO_DT_Send_RCData)
    ANO_DT_Send_Senser                       0x08001271   Thumb Code   406  protocol.o(i.ANO_DT_Send_Senser)
    ANO_DT_Send_Status                       0x0800140d   Thumb Code   318  protocol.o(i.ANO_DT_Send_Status)
    ANO_DT_Send_User                         0x08001555   Thumb Code   108  protocol.o(i.ANO_DT_Send_User)
    BSP_Int                                  0x080015cd   Thumb Code   110  tasks.o(i.BSP_Int)
    Breath_LED                               0x08001665   Thumb Code   100  led.o(i.Breath_LED)
    BusFault_Handler                         0x080016dd   Thumb Code     4  stm32f10x_it.o(i.BusFault_Handler)
    Calculate_FilteringCoefficient           0x080016e1   Thumb Code    54  filter.o(i.Calculate_FilteringCoefficient)
    Control_Angle                            0x08001721   Thumb Code   456  control.o(i.Control_Angle)
    Control_Gyro                             0x08001911   Thumb Code  1562  control.o(i.Control_Gyro)
    Control_high                             0x08001f41   Thumb Code   482  control.o(i.Control_high)
    DMA_Cmd                                  0x08002171   Thumb Code    24  stm32f10x_dma.o(i.DMA_Cmd)
    DMA_DeInit                               0x08002189   Thumb Code   324  stm32f10x_dma.o(i.DMA_DeInit)
    DMA_Init                                 0x080022d5   Thumb Code    60  stm32f10x_dma.o(i.DMA_Init)
    DebugMon_Handler                         0x08002311   Thumb Code     2  stm32f10x_it.o(i.DebugMon_Handler)
    Delay_led                                0x08002313   Thumb Code    30  led.o(i.Delay_led)
    Do_ACC_Offset                            0x08002331   Thumb Code    14  i2c_mpu6050.o(i.Do_ACC_Offset)
    Do_GYRO_Offset                           0x08002349   Thumb Code    14  i2c_mpu6050.o(i.Do_GYRO_Offset)
    Do_US_Offset                             0x08002361   Thumb Code     8  us_100.o(i.Do_US_Offset)
    EEPROM_INIT                              0x0800236d   Thumb Code    64  struct_all.o(i.EEPROM_INIT)
    EEPROM_READ_ACC_OFFSET                   0x080023b5   Thumb Code    60  struct_all.o(i.EEPROM_READ_ACC_OFFSET)
    EEPROM_READ_GYRO_OFFSET                  0x08002405   Thumb Code    60  struct_all.o(i.EEPROM_READ_GYRO_OFFSET)
    EEPROM_READ_PID                          0x08002455   Thumb Code   290  struct_all.o(i.EEPROM_READ_PID)
    EEPROM_SAVE_ACC_OFFSET                   0x080025a5   Thumb Code    58  struct_all.o(i.EEPROM_SAVE_ACC_OFFSET)
    EEPROM_SAVE_GYRO_OFFSET                  0x080025e9   Thumb Code    58  struct_all.o(i.EEPROM_SAVE_GYRO_OFFSET)
    EEPROM_SAVE_PID                          0x0800262d   Thumb Code   280  struct_all.o(i.EEPROM_SAVE_PID)
    EE_Init                                  0x080027fd   Thumb Code    16  eeprom.o(i.EE_Init)
    EE_ReadVariable                          0x08002901   Thumb Code    88  eeprom.o(i.EE_ReadVariable)
    EE_WriteVariable                         0x080029e9   Thumb Code    36  eeprom.o(i.EE_WriteVariable)
    EXTI15_10_IRQHandler                     0x08002a0d   Thumb Code    36  stm32f10x_it.o(i.EXTI15_10_IRQHandler)
    EXTI_ClearITPendingBit                   0x08002a35   Thumb Code     6  stm32f10x_exti.o(i.EXTI_ClearITPendingBit)
    EXTI_GetITStatus                         0x08002a41   Thumb Code    34  stm32f10x_exti.o(i.EXTI_GetITStatus)
    EXTI_Init                                0x08002a69   Thumb Code   142  stm32f10x_exti.o(i.EXTI_Init)
    FLASH_ErasePage                          0x08002afd   Thumb Code    72  stm32f10x_flash.o(i.FLASH_ErasePage)
    FLASH_GetBank1Status                     0x08002b49   Thumb Code    48  stm32f10x_flash.o(i.FLASH_GetBank1Status)
    FLASH_ProgramHalfWord                    0x08002b7d   Thumb Code    60  stm32f10x_flash.o(i.FLASH_ProgramHalfWord)
    FLASH_Unlock                             0x08002bbd   Thumb Code    12  stm32f10x_flash.o(i.FLASH_Unlock)
    FLASH_WaitForLastOperation               0x08002bd5   Thumb Code    38  stm32f10x_flash.o(i.FLASH_WaitForLastOperation)
    GPIO_EXTILineConfig                      0x08002bfd   Thumb Code    60  stm32f10x_gpio.o(i.GPIO_EXTILineConfig)
    GPIO_Init                                0x08002c3d   Thumb Code   274  stm32f10x_gpio.o(i.GPIO_Init)
    GPIO_PinRemapConfig                      0x08002d51   Thumb Code   138  stm32f10x_gpio.o(i.GPIO_PinRemapConfig)
    Get_Eulerian_Angle                       0x08002de1   Thumb Code   260  imu.o(i.Get_Eulerian_Angle)
    Get_Radian                               0x08002ef9   Thumb Code    62  maths.o(i.Get_Radian)
    Gyro_Filter                              0x08002f3d   Thumb Code   220  filter.o(i.Gyro_Filter)
    HardFault_Handler                        0x08003035   Thumb Code     4  stm32f10x_it.o(i.HardFault_Handler)
    I2C2_Int                                 0x08003039   Thumb Code   102  i2c_mpu6050.o(i.I2C2_Int)
    IMUupdate                                0x08003359   Thumb Code  1072  imu.o(i.IMUupdate)
    InitCurrWrAddress                        0x08003789   Thumb Code    92  eeprom.o(i.InitCurrWrAddress)
    InitMPU6050                              0x080037ed   Thumb Code   112  i2c_mpu6050.o(i.InitMPU6050)
    LED_FLASH                                0x0800388d   Thumb Code    62  led.o(i.LED_FLASH)
    LED_Init                                 0x080038d9   Thumb Code    74  led.o(i.LED_Init)
    LED_ON_OFF                               0x08003941   Thumb Code   134  led.o(i.LED_ON_OFF)
    MPU6050_Compose                          0x080039d9   Thumb Code   152  i2c_mpu6050.o(i.MPU6050_Compose)
    MPU6050_Offset                           0x08003a85   Thumb Code   382  i2c_mpu6050.o(i.MPU6050_Offset)
    MPU6050_SequenceRead                     0x08003c3d   Thumb Code   104  i2c_mpu6050.o(i.MPU6050_SequenceRead)
    MPU6050_SingleRead                       0x08003ca9   Thumb Code   124  i2c_mpu6050.o(i.MPU6050_SingleRead)
    MemManage_Handler                        0x08003d29   Thumb Code     4  stm32f10x_it.o(i.MemManage_Handler)
    Motor_Init                               0x08003d2d   Thumb Code    48  motor.o(i.Motor_Init)
    Motor_Out                                0x08003d7d   Thumb Code    18  motor.o(i.Motor_Out)
    NMI_Handler                              0x08003d95   Thumb Code     2  stm32f10x_it.o(i.NMI_Handler)
    NRF24L01_Check                           0x08003db1   Thumb Code    70  spi_nrf24l01.o(i.NRF24L01_Check)
    NRF24L01_IRQ                             0x08003e2d   Thumb Code    90  spi_nrf24l01.o(i.NRF24L01_IRQ)
    NRF24L01_Init                            0x08003e91   Thumb Code   136  spi_nrf24l01.o(i.NRF24L01_Init)
    NRF_Read_Buff                            0x08003f6d   Thumb Code    58  spi_nrf24l01.o(i.NRF_Read_Buff)
    NRF_Read_Reg                             0x08003fad   Thumb Code    36  spi_nrf24l01.o(i.NRF_Read_Reg)
    NRF_Send_TX                              0x08003fd5   Thumb Code    40  spi_nrf24l01.o(i.NRF_Send_TX)
    NRF_Write_Buf                            0x08004001   Thumb Code    56  spi_nrf24l01.o(i.NRF_Write_Buf)
    NRF_Write_Reg                            0x0800403d   Thumb Code    38  spi_nrf24l01.o(i.NRF_Write_Reg)
    NVIC_Init                                0x08004069   Thumb Code   102  misc.o(i.NVIC_Init)
    NVIC_PriorityGroupConfig                 0x080040dd   Thumb Code    10  misc.o(i.NVIC_PriorityGroupConfig)
    Nrf_Connect                              0x080040f1   Thumb Code   168  spi_nrf24l01.o(i.Nrf_Connect)
    Nvic_Init                                0x080041b9   Thumb Code   130  tasks.o(i.Nvic_Init)
    PID_Reset                                0x0800423d   Thumb Code   178  struct_all.o(i.PID_Reset)
    PendSV_Handler                           0x0800431d   Thumb Code     2  stm32f10x_it.o(i.PendSV_Handler)
    PrintHexU8                               0x08004321   Thumb Code    46  uart.o(i.PrintHexU8)
    PrintString                              0x0800435d   Thumb Code    24  uart.o(i.PrintString)
    RCC_ADCCLKConfig                         0x08004375   Thumb Code    18  stm32f10x_rcc.o(i.RCC_ADCCLKConfig)
    RCC_AHBPeriphClockCmd                    0x0800438d   Thumb Code    26  stm32f10x_rcc.o(i.RCC_AHBPeriphClockCmd)
    RCC_APB1PeriphClockCmd                   0x080043ad   Thumb Code    26  stm32f10x_rcc.o(i.RCC_APB1PeriphClockCmd)
    RCC_APB1PeriphResetCmd                   0x080043cd   Thumb Code    26  stm32f10x_rcc.o(i.RCC_APB1PeriphResetCmd)
    RCC_APB2PeriphClockCmd                   0x080043ed   Thumb Code    26  stm32f10x_rcc.o(i.RCC_APB2PeriphClockCmd)
    RCC_APB2PeriphResetCmd                   0x0800440d   Thumb Code    26  stm32f10x_rcc.o(i.RCC_APB2PeriphResetCmd)
    RCC_GetClocksFreq                        0x0800442d   Thumb Code   192  stm32f10x_rcc.o(i.RCC_GetClocksFreq)
    RC_LOCK                                  0x08004505   Thumb Code   422  control.o(i.RC_LOCK)
    RC_Limit                                 0x080046d5   Thumb Code   254  control.o(i.RC_Limit)
    SPI1_Init                                0x080047d5   Thumb Code   260  spi_nrf24l01.o(i.SPI1_Init)
    SPI_Cmd                                  0x080048fd   Thumb Code    24  stm32f10x_spi.o(i.SPI_Cmd)
    SPI_I2S_GetFlagStatus                    0x08004915   Thumb Code    18  stm32f10x_spi.o(i.SPI_I2S_GetFlagStatus)
    SPI_I2S_ReceiveData                      0x08004927   Thumb Code     6  stm32f10x_spi.o(i.SPI_I2S_ReceiveData)
    SPI_I2S_SendData                         0x0800492d   Thumb Code     4  stm32f10x_spi.o(i.SPI_I2S_SendData)
    SPI_Init                                 0x08004931   Thumb Code    60  stm32f10x_spi.o(i.SPI_Init)
    SPI_RW                                   0x0800496d   Thumb Code    50  spi_nrf24l01.o(i.SPI_RW)
    SVC_Handler                              0x080049a5   Thumb Code     2  stm32f10x_it.o(i.SVC_Handler)
    Send_Data_Back                           0x080049a7   Thumb Code     8  spi_nrf24l01.o(i.Send_Data_Back)
    SystemInit                               0x08004b21   Thumb Code    78  system_stm32f10x.o(i.SystemInit)
    TIM3_IRQHandler                          0x08004b81   Thumb Code    46  stm32f10x_it.o(i.TIM3_IRQHandler)
    TIM_ARRPreloadConfig                     0x08004bbd   Thumb Code    24  stm32f10x_tim.o(i.TIM_ARRPreloadConfig)
    TIM_ClearFlag                            0x08004bd5   Thumb Code     6  stm32f10x_tim.o(i.TIM_ClearFlag)
    TIM_Cmd                                  0x08004bdb   Thumb Code    24  stm32f10x_tim.o(i.TIM_Cmd)
    TIM_DeInit                               0x08004bf5   Thumb Code   424  stm32f10x_tim.o(i.TIM_DeInit)
    TIM_ITConfig                             0x08004ddd   Thumb Code    18  stm32f10x_tim.o(i.TIM_ITConfig)
    TIM_OC1Init                              0x08004df1   Thumb Code   132  stm32f10x_tim.o(i.TIM_OC1Init)
    TIM_OC1PreloadConfig                     0x08004e89   Thumb Code    18  stm32f10x_tim.o(i.TIM_OC1PreloadConfig)
    TIM_OC2Init                              0x08004e9d   Thumb Code   154  stm32f10x_tim.o(i.TIM_OC2Init)
    TIM_OC2PreloadConfig                     0x08004f41   Thumb Code    26  stm32f10x_tim.o(i.TIM_OC2PreloadConfig)
    TIM_OC3Init                              0x08004f5d   Thumb Code   150  stm32f10x_tim.o(i.TIM_OC3Init)
    TIM_OC3PreloadConfig                     0x08004ffd   Thumb Code    18  stm32f10x_tim.o(i.TIM_OC3PreloadConfig)
    TIM_OC4Init                              0x08005011   Thumb Code   114  stm32f10x_tim.o(i.TIM_OC4Init)
    TIM_OC4PreloadConfig                     0x0800508d   Thumb Code    26  stm32f10x_tim.o(i.TIM_OC4PreloadConfig)
    TIM_TimeBaseInit                         0x080050a9   Thumb Code   122  stm32f10x_tim.o(i.TIM_TimeBaseInit)
    Task                                     0x0800514d   Thumb Code   110  tasks.o(i.Task)
    Task_1000HZ                              0x080051d5   Thumb Code   110  tasks.o(i.Task_1000HZ)
    Task_1HZ                                 0x0800525d   Thumb Code    22  tasks.o(i.Task_1HZ)
    Task_250HZ                               0x0800527d   Thumb Code    18  tasks.o(i.Task_250HZ)
    Task_500HZ                               0x08005299   Thumb Code    16  tasks.o(i.Task_500HZ)
    Task_50HZ                                0x080052b5   Thumb Code    14  tasks.o(i.Task_50HZ)
    Task_check                               0x080052c9   Thumb Code    78  tasks.o(i.Task_check)
    Timer3_Init                              0x08005449   Thumb Code    86  timer3.o(i.Timer3_Init)
    USART1_IRQHandler                        0x080054ad   Thumb Code   118  uart.o(i.USART1_IRQHandler)
    USART3_IRQHandler                        0x08005535   Thumb Code   118  usart3.o(i.USART3_IRQHandler)
    USART3_PrintHexU8                        0x080055bd   Thumb Code    46  usart3.o(i.USART3_PrintHexU8)
    USART_ClearFlag                          0x080055f9   Thumb Code    18  stm32f10x_usart.o(i.USART_ClearFlag)
    USART_Cmd                                0x0800560b   Thumb Code    24  stm32f10x_usart.o(i.USART_Cmd)
    USART_GetFlagStatus                      0x08005623   Thumb Code    26  stm32f10x_usart.o(i.USART_GetFlagStatus)
    USART_ITConfig                           0x0800563d   Thumb Code    74  stm32f10x_usart.o(i.USART_ITConfig)
    USART_Init                               0x08005689   Thumb Code   210  stm32f10x_usart.o(i.USART_Init)
    USART_ReceiveData                        0x08005761   Thumb Code    10  stm32f10x_usart.o(i.USART_ReceiveData)
    US_100_Filter                            0x0800576d   Thumb Code   106  filter.o(i.US_100_Filter)
    Uart1_Init                               0x080057e5   Thumb Code   144  uart.o(i.Uart1_Init)
    Uart3_Init                               0x0800587d   Thumb Code   144  usart3.o(i.Uart3_Init)
    UsageFault_Handler                       0x08005915   Thumb Code     4  stm32f10x_it.o(i.UsageFault_Handler)
    __ARM_fpclassify                         0x08005919   Thumb Code    40  fpclassify.o(i.__ARM_fpclassify)
    __EE_Init                                0x08005941   Thumb Code   486  eeprom.o(i.__EE_Init)
    __ieee754_rem_pio2                       0x08005b39   Thumb Code   832  rred.o(i.__ieee754_rem_pio2)
    __kernel_cos                             0x08005ec1   Thumb Code   230  cos_i.o(i.__kernel_cos)
    __kernel_poly                            0x08005fbd   Thumb Code   170  poly.o(i.__kernel_poly)
    __kernel_sin                             0x08006069   Thumb Code   224  sin_i.o(i.__kernel_sin)
    __mathlib_dbl_underflow                  0x08006155   Thumb Code    10  dunder.o(i.__mathlib_dbl_underflow)
    asin                                     0x0800616d   Thumb Code   584  asin.o(i.asin)
    atan                                     0x080063e9   Thumb Code   478  atan.o(i.atan)
    atan2                                    0x0800660d   Thumb Code   346  atan2.o(i.atan2)
    get_Battery_Fly                          0x0800678d   Thumb Code   346  dma_adc.o(i.get_Battery_Fly)
    get_high                                 0x08006915   Thumb Code    26  us_100.o(i.get_high)
    invSqrt                                  0x08006939   Thumb Code    72  maths.o(i.invSqrt)
    main                                     0x08006985   Thumb Code    12  main.o(i.main)
    receive_higt                             0x08006991   Thumb Code   176  us_100.o(i.receive_higt)
    sin                                      0x08006a75   Thumb Code   166  sin.o(i.sin)
    sqrt                                     0x08006b25   Thumb Code    76  sqrt.o(i.sqrt)
    __aeabi_d2f                              0x08006b71   Thumb Code     0  d2f.o(x$fpl$d2f)
    _d2f                                     0x08006b71   Thumb Code    98  d2f.o(x$fpl$d2f)
    __aeabi_dadd                             0x08006bd5   Thumb Code     0  daddsub_clz.o(x$fpl$dadd)
    _dadd                                    0x08006bd5   Thumb Code   332  daddsub_clz.o(x$fpl$dadd)
    __fpl_dcheck_NaN1                        0x08006d25   Thumb Code    10  dcheck1.o(x$fpl$dcheck1)
    __aeabi_ddiv                             0x08006d35   Thumb Code     0  ddiv.o(x$fpl$ddiv)
    _ddiv                                    0x08006d35   Thumb Code   552  ddiv.o(x$fpl$ddiv)
    __aeabi_d2iz                             0x08006fe5   Thumb Code     0  dfix.o(x$fpl$dfix)
    _dfix                                    0x08006fe5   Thumb Code    94  dfix.o(x$fpl$dfix)
    __aeabi_d2uiz                            0x08007045   Thumb Code     0  dfixu.o(x$fpl$dfixu)
    _dfixu                                   0x08007045   Thumb Code    90  dfixu.o(x$fpl$dfixu)
    __aeabi_i2d                              0x0800709f   Thumb Code     0  dflt_clz.o(x$fpl$dflt)
    _dflt                                    0x0800709f   Thumb Code    46  dflt_clz.o(x$fpl$dflt)
    __aeabi_ui2d                             0x080070cd   Thumb Code     0  dflt_clz.o(x$fpl$dfltu)
    _dfltu                                   0x080070cd   Thumb Code    38  dflt_clz.o(x$fpl$dfltu)
    __aeabi_dmul                             0x080070f5   Thumb Code     0  dmul.o(x$fpl$dmul)
    _dmul                                    0x080070f5   Thumb Code   332  dmul.o(x$fpl$dmul)
    __fpl_dnaninf                            0x08007249   Thumb Code   156  dnaninf.o(x$fpl$dnaninf)
    __fpl_dretinf                            0x080072e5   Thumb Code    12  dretinf.o(x$fpl$dretinf)
    __aeabi_drsub                            0x080072f1   Thumb Code     0  daddsub_clz.o(x$fpl$drsb)
    _drsb                                    0x080072f1   Thumb Code    22  daddsub_clz.o(x$fpl$drsb)
    _dsqrt                                   0x08007309   Thumb Code   456  dsqrt_noumaal.o(x$fpl$dsqrt)
    __aeabi_dsub                             0x080074d5   Thumb Code     0  daddsub_clz.o(x$fpl$dsub)
    _dsub                                    0x080074d5   Thumb Code   464  daddsub_clz.o(x$fpl$dsub)
    __aeabi_f2d                              0x080076a9   Thumb Code     0  f2d.o(x$fpl$f2d)
    _f2d                                     0x080076a9   Thumb Code    86  f2d.o(x$fpl$f2d)
    __aeabi_fadd                             0x08007701   Thumb Code     0  faddsub_clz.o(x$fpl$fadd)
    _fadd                                    0x08007701   Thumb Code   196  faddsub_clz.o(x$fpl$fadd)
    __fpl_fcmp_Inf                           0x080077c5   Thumb Code    24  fcmpi.o(x$fpl$fcmpinf)
    __aeabi_fdiv                             0x080077dd   Thumb Code     0  fdiv.o(x$fpl$fdiv)
    _fdiv                                    0x080077dd   Thumb Code   384  fdiv.o(x$fpl$fdiv)
    __aeabi_cfcmpeq                          0x08007961   Thumb Code     0  feqf.o(x$fpl$feqf)
    _fcmpeq                                  0x08007961   Thumb Code   104  feqf.o(x$fpl$feqf)
    __aeabi_f2iz                             0x080079c9   Thumb Code     0  ffix.o(x$fpl$ffix)
    _ffix                                    0x080079c9   Thumb Code    54  ffix.o(x$fpl$ffix)
    __aeabi_f2uiz                            0x08007a01   Thumb Code     0  ffixu.o(x$fpl$ffixu)
    _ffixu                                   0x08007a01   Thumb Code    62  ffixu.o(x$fpl$ffixu)
    __aeabi_i2f                              0x08007a41   Thumb Code     0  fflt_clz.o(x$fpl$fflt)
    _fflt                                    0x08007a41   Thumb Code    48  fflt_clz.o(x$fpl$fflt)
    __aeabi_ui2f                             0x08007a71   Thumb Code     0  fflt_clz.o(x$fpl$ffltu)
    _ffltu                                   0x08007a71   Thumb Code    38  fflt_clz.o(x$fpl$ffltu)
    __aeabi_cfcmple                          0x08007a99   Thumb Code     0  fleqf.o(x$fpl$fleqf)
    _fcmple                                  0x08007a99   Thumb Code   104  fleqf.o(x$fpl$fleqf)
    __fpl_fcmple_InfNaN                      0x08007aeb   Thumb Code     0  fleqf.o(x$fpl$fleqf)
    __aeabi_fmul                             0x08007b01   Thumb Code     0  fmul.o(x$fpl$fmul)
    _fmul                                    0x08007b01   Thumb Code   258  fmul.o(x$fpl$fmul)
    __fpl_fnaninf                            0x08007c03   Thumb Code   140  fnaninf.o(x$fpl$fnaninf)
    __fpl_fretinf                            0x08007c8f   Thumb Code    10  fretinf.o(x$fpl$fretinf)
    __aeabi_cfrcmple                         0x08007c99   Thumb Code     0  frleqf.o(x$fpl$frleqf)
    _frcmple                                 0x08007c99   Thumb Code    98  frleqf.o(x$fpl$frleqf)
    __aeabi_frsub                            0x08007cfb   Thumb Code     0  faddsub_clz.o(x$fpl$frsb)
    _frsb                                    0x08007cfb   Thumb Code    20  faddsub_clz.o(x$fpl$frsb)
    __aeabi_fsub                             0x08007d11   Thumb Code     0  faddsub_clz.o(x$fpl$fsub)
    _fsub                                    0x08007d11   Thumb Code   234  faddsub_clz.o(x$fpl$fsub)
    __fpl_return_NaN                         0x08007dfb   Thumb Code   100  retnan.o(x$fpl$retnan)
    __ARM_scalbn                             0x08007e5f   Thumb Code    92  scalbn.o(x$fpl$scalbn)
    __fpl_cmpreturn                          0x08007ebb   Thumb Code    48  trapv.o(x$fpl$trapveneer)
    __I$use$fp                               0x08007eea   Number         0  usenofp.o(x$fpl$usenofp)
    __mathlib_zero                           0x08008008   Data           8  qnan.o(.constdata)
    Region$$Table$$Base                      0x08008100   Number         0  anon$$obj.o(Region$$Table)
    Region$$Table$$Limit                     0x08008120   Number         0  anon$$obj.o(Region$$Table)
    Count_1ms                                0x20000000   Data           1  stm32f10x_it.o(.data)
    Count_2ms                                0x20000001   Data           1  stm32f10x_it.o(.data)
    Count_4ms                                0x20000002   Data           1  stm32f10x_it.o(.data)
    Count_20ms                               0x20000003   Data           1  stm32f10x_it.o(.data)
    Task_check_flag                          0x20000004   Data           1  stm32f10x_it.o(.data)
    Task_err_flag                            0x20000005   Data           1  stm32f10x_it.o(.data)
    Count_1s                                 0x20000006   Data           2  stm32f10x_it.o(.data)
    q0                                       0x20000008   Data           4  imu.o(.data)
    q1                                       0x2000000c   Data           4  imu.o(.data)
    q2                                       0x20000010   Data           4  imu.o(.data)
    q3                                       0x20000014   Data           4  imu.o(.data)
    exInt                                    0x20000018   Data           4  imu.o(.data)
    eyInt                                    0x2000001c   Data           4  imu.o(.data)
    ezInt                                    0x20000020   Data           4  imu.o(.data)
    Bsp_Int_Ok                               0x20000040   Data           1  tasks.o(.data)
    RUN_fre                                  0x20000042   Data           2  tasks.o(.data)
    Debug                                    0x20000044   Data           2  tasks.o(.data)
    Rc_Lock                                  0x20000048   Data           1  control.o(.data)
    start                                    0x20000049   Data           1  control.o(.data)
    high_mode                                0x2000004a   Data           1  control.o(.data)
    THROTTLE                                 0x20000054   Data           2  control.o(.data)
    target_high                              0x20000058   Data           4  control.o(.data)
    cnt                                      0x2000005c   Data           1  protocol.o(.data)
    send_pid                                 0x2000005d   Data           1  protocol.o(.data)
    light                                    0x20000064   Data           4  led.o(.data)
    TxCount                                  0x20000068   Data           1  uart.o(.data)
    Count                                    0x20000069   Data           1  uart.o(.data)
    Line0                                    0x2000006a   Data           1  uart.o(.data)
    Line1                                    0x2000006b   Data           1  uart.o(.data)
    Timer3_Count                             0x2000006c   Data           4  timer3.o(.data)
    Timer3_Frequency                         0x20000070   Data           2  timer3.o(.data)
    DataVar                                  0x20000074   Data           2  eeprom.o(.data)
    CurWrAddress                             0x20000078   Data           4  eeprom.o(.data)
    VirtAddVarTab                            0x2000007c   Data          32  struct_all.o(.data)
    acc                                      0x2000009c   Data           6  struct_all.o(.data)
    gyro                                     0x200000a2   Data           6  struct_all.o(.data)
    filter_acc                               0x200000a8   Data           6  struct_all.o(.data)
    filter_gyro                              0x200000ae   Data           6  struct_all.o(.data)
    offset_acc                               0x200000b4   Data           6  struct_all.o(.data)
    offset_gyro                              0x200000ba   Data           6  struct_all.o(.data)
    data_x                                   0x200000c0   Data           2  struct_all.o(.data)
    data_y                                   0x200000c2   Data           2  struct_all.o(.data)
    data_z                                   0x200000c4   Data           2  struct_all.o(.data)
    low_power                                0x200000c6   Data           2  dma_adc.o(.data)
    ADC_Value                                0x200000ca   Data           4  dma_adc.o(.data)
    Battery_Fly                              0x200000ce   Data           2  dma_adc.o(.data)
    GYRO_Offset                              0x200000d0   Data           1  i2c_mpu6050.o(.data)
    ACC_Offset                               0x200000d1   Data           1  i2c_mpu6050.o(.data)
    I2C_Erro                                 0x200000d4   Data           4  i2c_mpu6050.o(.data)
    high                                     0x20000104   Data           4  us_100.o(.data)
    Filter_high                              0x20000108   Data           4  us_100.o(.data)
    old_high                                 0x2000010c   Data           4  us_100.o(.data)
    d_high                                   0x20000110   Data           4  us_100.o(.data)
    high_f                                   0x20000114   Data           1  us_100.o(.data)
    high_ok                                  0x20000115   Data           1  us_100.o(.data)
    high_err                                 0x20000116   Data           1  us_100.o(.data)
    high_err_temp                            0x20000117   Data           1  us_100.o(.data)
    US_Offset                                0x20000118   Data           1  us_100.o(.data)
    offset_high                              0x2000011a   Data           2  us_100.o(.data)
    USART3_TxCount                           0x20000125   Data           1  usart3.o(.data)
    USART3_Count                             0x20000126   Data           1  usart3.o(.data)
    control_angle                            0x200001d8   Data          12  control.o(.bss)
    control_gyro                             0x200001e4   Data          12  control.o(.bss)
    data_to_send                             0x20000222   Data          32  protocol.o(.bss)
    PID                                      0x20000244   Data         228  protocol.o(.bss)
    RxBuff                                   0x20000428   Data         100  uart.o(.bss)
    SI_acc                                   0x2000048c   Data          12  struct_all.o(.bss)
    SI_gyro                                  0x20000498   Data          12  struct_all.o(.bss)
    roll_3D_gyro                             0x200004a4   Data          12  struct_all.o(.bss)
    Rc                                       0x200004b0   Data          20  struct_all.o(.bss)
    out_angle                                0x200004c4   Data          12  struct_all.o(.bss)
    pitch                                    0x200004d0   Data          20  struct_all.o(.bss)
    roll                                     0x200004e4   Data          20  struct_all.o(.bss)
    gyro_pitch                               0x200004f8   Data          20  struct_all.o(.bss)
    gyro_roll                                0x2000050c   Data          20  struct_all.o(.bss)
    gyro_yaw                                 0x20000520   Data          20  struct_all.o(.bss)
    control_high                             0x20000534   Data          20  struct_all.o(.bss)
    NRF24L01_RXDATA                          0x20000556   Data          32  spi_nrf24l01.o(.bss)
    NRF24L01_TXDATA                          0x20000576   Data          32  spi_nrf24l01.o(.bss)
    __libspace_start                         0x20000698   Data          96  libspace.o(.bss)
    __temporary_stack_top$libspace           0x200006f8   Data           0  libspace.o(.bss)



==============================================================================

Memory Map of the image

  Image Entry point : 0x080000ed

  Load Region LR_IROM1 (Base: 0x08000000, Size: 0x0000825c, Max: 0x00010000, ABSOLUTE, COMPRESSED[0x00008168])

    Execution Region ER_IROM1 (Base: 0x08000000, Size: 0x00008120, Max: 0x00010000, ABSOLUTE)

    Base Addr    Size         Type   Attr      Idx    E Section Name        Object

    0x08000000   0x000000ec   Data   RO            3    RESET               startup_stm32f10x_md.o
    0x080000ec   0x00000008   Code   RO         4162  * !!!main             c_w.l(__main.o)
    0x080000f4   0x00000034   Code   RO         4477    !!!scatter          c_w.l(__scatter.o)
    0x08000128   0x0000005a   Code   RO         4475    !!dczerorl2         c_w.l(__dczerorl2.o)
    0x08000182   0x00000002   PAD
    0x08000184   0x0000001c   Code   RO         4479    !!handler_zi        c_w.l(__scatter_zi.o)
    0x080001a0   0x00000002   Code   RO         4345    .ARM.Collect$$libinit$$00000000  c_w.l(libinit.o)
    0x080001a2   0x00000000   Code   RO         4353    .ARM.Collect$$libinit$$00000002  c_w.l(libinit2.o)
    0x080001a2   0x00000000   Code   RO         4356    .ARM.Collect$$libinit$$00000008  c_w.l(libinit2.o)
    0x080001a2   0x00000000   Code   RO         4358    .ARM.Collect$$libinit$$0000000A  c_w.l(libinit2.o)
    0x080001a2   0x00000000   Code   RO         4360    .ARM.Collect$$libinit$$0000000C  c_w.l(libinit2.o)
    0x080001a2   0x00000000   Code   RO         4363    .ARM.Collect$$libinit$$0000000F  c_w.l(libinit2.o)
    0x080001a2   0x00000000   Code   RO         4365    .ARM.Collect$$libinit$$00000011  c_w.l(libinit2.o)
    0x080001a2   0x00000000   Code   RO         4367    .ARM.Collect$$libinit$$00000013  c_w.l(libinit2.o)
    0x080001a2   0x00000000   Code   RO         4369    .ARM.Collect$$libinit$$00000015  c_w.l(libinit2.o)
    0x080001a2   0x00000000   Code   RO         4371    .ARM.Collect$$libinit$$00000017  c_w.l(libinit2.o)
    0x080001a2   0x00000000   Code   RO         4373    .ARM.Collect$$libinit$$00000019  c_w.l(libinit2.o)
    0x080001a2   0x00000000   Code   RO         4375    .ARM.Collect$$libinit$$0000001B  c_w.l(libinit2.o)
    0x080001a2   0x00000000   Code   RO         4377    .ARM.Collect$$libinit$$0000001D  c_w.l(libinit2.o)
    0x080001a2   0x00000000   Code   RO         4379    .ARM.Collect$$libinit$$0000001F  c_w.l(libinit2.o)
    0x080001a2   0x00000000   Code   RO         4381    .ARM.Collect$$libinit$$00000021  c_w.l(libinit2.o)
    0x080001a2   0x00000000   Code   RO         4383    .ARM.Collect$$libinit$$00000023  c_w.l(libinit2.o)
    0x080001a2   0x00000000   Code   RO         4387    .ARM.Collect$$libinit$$0000002A  c_w.l(libinit2.o)
    0x080001a2   0x00000000   Code   RO         4389    .ARM.Collect$$libinit$$0000002C  c_w.l(libinit2.o)
    0x080001a2   0x00000000   Code   RO         4391    .ARM.Collect$$libinit$$0000002E  c_w.l(libinit2.o)
    0x080001a2   0x00000000   Code   RO         4393    .ARM.Collect$$libinit$$00000030  c_w.l(libinit2.o)
    0x080001a2   0x00000002   Code   RO         4394    .ARM.Collect$$libinit$$00000031  c_w.l(libinit2.o)
    0x080001a4   0x00000002   Code   RO         4416    .ARM.Collect$$libshutdown$$00000000  c_w.l(libshutdown.o)
    0x080001a6   0x00000000   Code   RO         4430    .ARM.Collect$$libshutdown$$00000003  c_w.l(libshutdown2.o)
    0x080001a6   0x00000000   Code   RO         4433    .ARM.Collect$$libshutdown$$00000006  c_w.l(libshutdown2.o)
    0x080001a6   0x00000000   Code   RO         4436    .ARM.Collect$$libshutdown$$00000009  c_w.l(libshutdown2.o)
    0x080001a6   0x00000000   Code   RO         4438    .ARM.Collect$$libshutdown$$0000000B  c_w.l(libshutdown2.o)
    0x080001a6   0x00000000   Code   RO         4441    .ARM.Collect$$libshutdown$$0000000E  c_w.l(libshutdown2.o)
    0x080001a6   0x00000002   Code   RO         4442    .ARM.Collect$$libshutdown$$0000000F  c_w.l(libshutdown2.o)
    0x080001a8   0x00000000   Code   RO         4252    .ARM.Collect$$rtentry$$00000000  c_w.l(rtentry.o)
    0x080001a8   0x00000000   Code   RO         4308    .ARM.Collect$$rtentry$$00000002  c_w.l(rtentry2.o)
    0x080001a8   0x00000006   Code   RO         4320    .ARM.Collect$$rtentry$$00000004  c_w.l(rtentry4.o)
    0x080001ae   0x00000000   Code   RO         4310    .ARM.Collect$$rtentry$$00000009  c_w.l(rtentry2.o)
    0x080001ae   0x00000004   Code   RO         4311    .ARM.Collect$$rtentry$$0000000A  c_w.l(rtentry2.o)
    0x080001b2   0x00000000   Code   RO         4313    .ARM.Collect$$rtentry$$0000000C  c_w.l(rtentry2.o)
    0x080001b2   0x00000008   Code   RO         4314    .ARM.Collect$$rtentry$$0000000D  c_w.l(rtentry2.o)
    0x080001ba   0x00000002   Code   RO         4350    .ARM.Collect$$rtexit$$00000000  c_w.l(rtexit.o)
    0x080001bc   0x00000000   Code   RO         4398    .ARM.Collect$$rtexit$$00000002  c_w.l(rtexit2.o)
    0x080001bc   0x00000004   Code   RO         4399    .ARM.Collect$$rtexit$$00000003  c_w.l(rtexit2.o)
    0x080001c0   0x00000006   Code   RO         4400    .ARM.Collect$$rtexit$$00000004  c_w.l(rtexit2.o)
    0x080001c6   0x00000002   PAD
    0x080001c8   0x00000040   Code   RO            4    .text               startup_stm32f10x_md.o
    0x08000208   0x00000006   Code   RO         4160    .text               c_w.l(heapauxi.o)
    0x0800020e   0x00000016   Code   RO         4253    .text               c_w.l(_rserrno.o)
    0x08000224   0x00000008   Code   RO         4325    .text               c_w.l(rt_errno_addr_intlibspace.o)
    0x0800022c   0x00000008   Code   RO         4333    .text               c_w.l(libspace.o)
    0x08000234   0x0000004a   Code   RO         4336    .text               c_w.l(sys_stackheap_outer.o)
    0x0800027e   0x0000000c   Code   RO         4338    .text               c_w.l(exit.o)
    0x0800028a   0x00000002   PAD
    0x0800028c   0x0000000c   Code   RO         4408    .text               c_w.l(sys_exit.o)
    0x08000298   0x00000002   Code   RO         4419    .text               c_w.l(use_no_semi.o)
    0x0800029a   0x00000000   Code   RO         4421    .text               c_w.l(indicate_semi.o)
    0x0800029a   0x00000002   PAD
    0x0800029c   0x000000b4   Code   RO          299    i.ACC_IIR_Filter    filter.o
    0x08000350   0x00000038   Code   RO          871    i.ADC1_GPIO_Config  dma_adc.o
    0x08000388   0x0000000c   Code   RO          872    i.ADC1_Init         dma_adc.o
    0x08000394   0x000000f4   Code   RO          873    i.ADC1_Mode_Config  dma_adc.o
    0x08000488   0x00000016   Code   RO         1233    i.ADC_Cmd           stm32f10x_adc.o
    0x0800049e   0x00000016   Code   RO         1234    i.ADC_DMACmd        stm32f10x_adc.o
    0x080004b4   0x0000005c   Code   RO         1235    i.ADC_DeInit        stm32f10x_adc.o
    0x08000510   0x00000014   Code   RO         1241    i.ADC_GetCalibrationStatus  stm32f10x_adc.o
    0x08000524   0x00000014   Code   RO         1247    i.ADC_GetResetCalibrationStatus  stm32f10x_adc.o
    0x08000538   0x00000050   Code   RO         1251    i.ADC_Init          stm32f10x_adc.o
    0x08000588   0x000000b8   Code   RO         1255    i.ADC_RegularChannelConfig  stm32f10x_adc.o
    0x08000640   0x0000000a   Code   RO         1256    i.ADC_ResetCalibration  stm32f10x_adc.o
    0x0800064a   0x00000016   Code   RO         1258    i.ADC_SoftwareStartConvCmd  stm32f10x_adc.o
    0x08000660   0x0000000a   Code   RO         1260    i.ADC_StartCalibration  stm32f10x_adc.o
    0x0800066a   0x00000002   PAD
    0x0800066c   0x00000024   Code   RO         1262    i.ADC_TempSensorVrefintCmd  stm32f10x_adc.o
    0x08000690   0x000001c4   Code   RO          471    i.ANO_DT_Data_Exchange  protocol.o
    0x08000854   0x00000494   Code   RO          472    i.ANO_DT_Data_Receive_Anl  protocol.o
    0x08000ce8   0x00000048   Code   RO          474    i.ANO_DT_Send_Check  protocol.o
    0x08000d30   0x00000010   Code   RO          475    i.ANO_DT_Send_Data  protocol.o
    0x08000d40   0x0000012c   Code   RO          477    i.ANO_DT_Send_MotoPWM  protocol.o
    0x08000e6c   0x0000020c   Code   RO          478    i.ANO_DT_Send_PID   protocol.o
    0x08001078   0x00000094   Code   RO          479    i.ANO_DT_Send_Power  protocol.o
    0x0800110c   0x00000164   Code   RO          480    i.ANO_DT_Send_RCData  protocol.o
    0x08001270   0x0000019c   Code   RO          481    i.ANO_DT_Send_Senser  protocol.o
    0x0800140c   0x00000148   Code   RO          484    i.ANO_DT_Send_Status  protocol.o
    0x08001554   0x00000078   Code   RO          485    i.ANO_DT_Send_User  protocol.o
    0x080015cc   0x00000098   Code   RO          332    i.BSP_Int           tasks.o
    0x08001664   0x00000078   Code   RO          581    i.Breath_LED        led.o
    0x080016dc   0x00000004   Code   RO          168    i.BusFault_Handler  stm32f10x_it.o
    0x080016e0   0x00000040   Code   RO          300    i.Calculate_FilteringCoefficient  filter.o
    0x08001720   0x000001f0   Code   RO          426    i.Control_Angle     control.o
    0x08001910   0x00000630   Code   RO          427    i.Control_Gyro      control.o
    0x08001f40   0x00000230   Code   RO          428    i.Control_high      control.o
    0x08002170   0x00000018   Code   RO         1918    i.DMA_Cmd           stm32f10x_dma.o
    0x08002188   0x0000014c   Code   RO         1919    i.DMA_DeInit        stm32f10x_dma.o
    0x080022d4   0x0000003c   Code   RO         1924    i.DMA_Init          stm32f10x_dma.o
    0x08002310   0x00000002   Code   RO          169    i.DebugMon_Handler  stm32f10x_it.o
    0x08002312   0x0000001e   Code   RO          582    i.Delay_led         led.o
    0x08002330   0x00000018   Code   RO          905    i.Do_ACC_Offset     i2c_mpu6050.o
    0x08002348   0x00000018   Code   RO          906    i.Do_GYRO_Offset    i2c_mpu6050.o
    0x08002360   0x0000000c   Code   RO         1116    i.Do_US_Offset      us_100.o
    0x0800236c   0x00000048   Code   RO          797    i.EEPROM_INIT       struct_all.o
    0x080023b4   0x00000050   Code   RO          798    i.EEPROM_READ_ACC_OFFSET  struct_all.o
    0x08002404   0x00000050   Code   RO          799    i.EEPROM_READ_GYRO_OFFSET  struct_all.o
    0x08002454   0x00000150   Code   RO          800    i.EEPROM_READ_PID   struct_all.o
    0x080025a4   0x00000044   Code   RO          801    i.EEPROM_SAVE_ACC_OFFSET  struct_all.o
    0x080025e8   0x00000044   Code   RO          802    i.EEPROM_SAVE_GYRO_OFFSET  struct_all.o
    0x0800262c   0x0000013c   Code   RO          803    i.EEPROM_SAVE_PID   struct_all.o
    0x08002768   0x00000058   Code   RO          734    i.EE_FindValidPage  eeprom.o
    0x080027c0   0x0000003c   Code   RO          735    i.EE_Format         eeprom.o
    0x080027fc   0x00000010   Code   RO          736    i.EE_Init           eeprom.o
    0x0800280c   0x000000f4   Code   RO          737    i.EE_PageTransfer   eeprom.o
    0x08002900   0x00000060   Code   RO          738    i.EE_ReadVariable   eeprom.o
    0x08002960   0x00000088   Code   RO          739    i.EE_VerifyPageFullWriteVariable  eeprom.o
    0x080029e8   0x00000024   Code   RO          740    i.EE_WriteVariable  eeprom.o
    0x08002a0c   0x00000028   Code   RO          170    i.EXTI15_10_IRQHandler  stm32f10x_it.o
    0x08002a34   0x0000000c   Code   RO         1989    i.EXTI_ClearITPendingBit  stm32f10x_exti.o
    0x08002a40   0x00000028   Code   RO         1993    i.EXTI_GetITStatus  stm32f10x_exti.o
    0x08002a68   0x00000094   Code   RO         1994    i.EXTI_Init         stm32f10x_exti.o
    0x08002afc   0x0000004c   Code   RO         2047    i.FLASH_ErasePage   stm32f10x_flash.o
    0x08002b48   0x00000034   Code   RO         2048    i.FLASH_GetBank1Status  stm32f10x_flash.o
    0x08002b7c   0x00000040   Code   RO         2060    i.FLASH_ProgramHalfWord  stm32f10x_flash.o
    0x08002bbc   0x00000018   Code   RO         2065    i.FLASH_Unlock      stm32f10x_flash.o
    0x08002bd4   0x00000026   Code   RO         2069    i.FLASH_WaitForLastOperation  stm32f10x_flash.o
    0x08002bfa   0x00000002   PAD
    0x08002bfc   0x00000040   Code   RO         2339    i.GPIO_EXTILineConfig  stm32f10x_gpio.o
    0x08002c3c   0x00000112   Code   RO         2342    i.GPIO_Init         stm32f10x_gpio.o
    0x08002d4e   0x00000002   PAD
    0x08002d50   0x00000090   Code   RO         2344    i.GPIO_PinRemapConfig  stm32f10x_gpio.o
    0x08002de0   0x00000118   Code   RO          278    i.Get_Eulerian_Angle  imu.o
    0x08002ef8   0x00000044   Code   RO          403    i.Get_Radian        maths.o
    0x08002f3c   0x000000f8   Code   RO          301    i.Gyro_Filter       filter.o
    0x08003034   0x00000004   Code   RO          171    i.HardFault_Handler  stm32f10x_it.o
    0x08003038   0x00000088   Code   RO          907    i.I2C2_Int          i2c_mpu6050.o
    0x080030c0   0x00000048   Code   RO          908    i.I2C_ACK           i2c_mpu6050.o
    0x08003108   0x00000044   Code   RO          909    i.I2C_NACK          i2c_mpu6050.o
    0x0800314c   0x0000006c   Code   RO          910    i.I2C_ReadByte      i2c_mpu6050.o
    0x080031b8   0x0000007c   Code   RO          911    i.I2C_Start         i2c_mpu6050.o
    0x08003234   0x00000044   Code   RO          912    i.I2C_Stop          i2c_mpu6050.o
    0x08003278   0x00000064   Code   RO          913    i.I2C_WaitAck       i2c_mpu6050.o
    0x080032dc   0x00000070   Code   RO          914    i.I2C_WriteByte     i2c_mpu6050.o
    0x0800334c   0x0000000a   Code   RO          915    i.I2C_delay         i2c_mpu6050.o
    0x08003356   0x00000002   PAD
    0x08003358   0x00000430   Code   RO          279    i.IMUupdate         imu.o
    0x08003788   0x00000064   Code   RO          741    i.InitCurrWrAddress  eeprom.o
    0x080037ec   0x000000a0   Code   RO          916    i.InitMPU6050       i2c_mpu6050.o
    0x0800388c   0x0000004c   Code   RO          583    i.LED_FLASH         led.o
    0x080038d8   0x00000068   Code   RO          584    i.LED_Init          led.o
    0x08003940   0x00000098   Code   RO          585    i.LED_ON_OFF        led.o
    0x080039d8   0x000000ac   Code   RO          917    i.MPU6050_Compose   i2c_mpu6050.o
    0x08003a84   0x000001b8   Code   RO          918    i.MPU6050_Offset    i2c_mpu6050.o
    0x08003c3c   0x0000006c   Code   RO          919    i.MPU6050_SequenceRead  i2c_mpu6050.o
    0x08003ca8   0x00000080   Code   RO          920    i.MPU6050_SingleRead  i2c_mpu6050.o
    0x08003d28   0x00000004   Code   RO          172    i.MemManage_Handler  stm32f10x_it.o
    0x08003d2c   0x00000050   Code   RO          692    i.Motor_Init        motor.o
    0x08003d7c   0x00000018   Code   RO          693    i.Motor_Out         motor.o
    0x08003d94   0x00000002   Code   RO          173    i.NMI_Handler       stm32f10x_it.o
    0x08003d96   0x00000002   PAD
    0x08003d98   0x00000018   Code   RO         1016    i.NRF24L01_Analyse  spi_nrf24l01.o
    0x08003db0   0x0000007c   Code   RO         1017    i.NRF24L01_Check    spi_nrf24l01.o
    0x08003e2c   0x00000064   Code   RO         1018    i.NRF24L01_IRQ      spi_nrf24l01.o
    0x08003e90   0x00000094   Code   RO         1019    i.NRF24L01_Init     spi_nrf24l01.o
    0x08003f24   0x00000024   Code   RO         1020    i.NRF24L01_Set_RX   spi_nrf24l01.o
    0x08003f48   0x00000024   Code   RO         1021    i.NRF24L01_Set_TX   spi_nrf24l01.o
    0x08003f6c   0x00000040   Code   RO         1022    i.NRF_Read_Buff     spi_nrf24l01.o
    0x08003fac   0x00000028   Code   RO         1023    i.NRF_Read_Reg      spi_nrf24l01.o
    0x08003fd4   0x0000002c   Code   RO         1024    i.NRF_Send_TX       spi_nrf24l01.o
    0x08004000   0x0000003c   Code   RO         1025    i.NRF_Write_Buf     spi_nrf24l01.o
    0x0800403c   0x0000002c   Code   RO         1026    i.NRF_Write_Reg     spi_nrf24l01.o
    0x08004068   0x00000074   Code   RO         1191    i.NVIC_Init         misc.o
    0x080040dc   0x00000014   Code   RO         1192    i.NVIC_PriorityGroupConfig  misc.o
    0x080040f0   0x000000c8   Code   RO         1027    i.Nrf_Connect       spi_nrf24l01.o
    0x080041b8   0x00000082   Code   RO          333    i.Nvic_Init         tasks.o
    0x0800423a   0x00000002   PAD
    0x0800423c   0x000000e0   Code   RO          804    i.PID_Reset         struct_all.o
    0x0800431c   0x00000002   Code   RO          174    i.PendSV_Handler    stm32f10x_it.o
    0x0800431e   0x00000002   PAD
    0x08004320   0x0000003c   Code   RO          626    i.PrintHexU8        uart.o
    0x0800435c   0x00000018   Code   RO          629    i.PrintString       uart.o
    0x08004374   0x00000018   Code   RO         2756    i.RCC_ADCCLKConfig  stm32f10x_rcc.o
    0x0800438c   0x00000020   Code   RO         2757    i.RCC_AHBPeriphClockCmd  stm32f10x_rcc.o
    0x080043ac   0x00000020   Code   RO         2758    i.RCC_APB1PeriphClockCmd  stm32f10x_rcc.o
    0x080043cc   0x00000020   Code   RO         2759    i.RCC_APB1PeriphResetCmd  stm32f10x_rcc.o
    0x080043ec   0x00000020   Code   RO         2760    i.RCC_APB2PeriphClockCmd  stm32f10x_rcc.o
    0x0800440c   0x00000020   Code   RO         2761    i.RCC_APB2PeriphResetCmd  stm32f10x_rcc.o
    0x0800442c   0x000000d8   Code   RO         2768    i.RCC_GetClocksFreq  stm32f10x_rcc.o
    0x08004504   0x000001d0   Code   RO          429    i.RC_LOCK           control.o
    0x080046d4   0x000000fe   Code   RO          430    i.RC_Limit          control.o
    0x080047d2   0x00000002   PAD
    0x080047d4   0x00000128   Code   RO         1028    i.SPI1_Init         spi_nrf24l01.o
    0x080048fc   0x00000018   Code   RO         3237    i.SPI_Cmd           stm32f10x_spi.o
    0x08004914   0x00000012   Code   RO         3245    i.SPI_I2S_GetFlagStatus  stm32f10x_spi.o
    0x08004926   0x00000006   Code   RO         3248    i.SPI_I2S_ReceiveData  stm32f10x_spi.o
    0x0800492c   0x00000004   Code   RO         3249    i.SPI_I2S_SendData  stm32f10x_spi.o
    0x08004930   0x0000003c   Code   RO         3250    i.SPI_Init          stm32f10x_spi.o
    0x0800496c   0x00000038   Code   RO         1029    i.SPI_RW            spi_nrf24l01.o
    0x080049a4   0x00000002   Code   RO          175    i.SVC_Handler       stm32f10x_it.o
    0x080049a6   0x00000008   Code   RO         1030    i.Send_Data_Back    spi_nrf24l01.o
    0x080049ae   0x00000008   Code   RO          244    i.SetSysClock       system_stm32f10x.o
    0x080049b6   0x00000002   PAD
    0x080049b8   0x000000dc   Code   RO          245    i.SetSysClockTo72   system_stm32f10x.o
    0x08004a94   0x0000004c   Code   RO          921    i.Single_ReadI2C    i2c_mpu6050.o
    0x08004ae0   0x00000040   Code   RO          922    i.Single_WriteI2C   i2c_mpu6050.o
    0x08004b20   0x00000060   Code   RO          247    i.SystemInit        system_stm32f10x.o
    0x08004b80   0x0000003c   Code   RO          176    i.TIM3_IRQHandler   stm32f10x_it.o
    0x08004bbc   0x00000018   Code   RO         3380    i.TIM_ARRPreloadConfig  stm32f10x_tim.o
    0x08004bd4   0x00000006   Code   RO         3386    i.TIM_ClearFlag     stm32f10x_tim.o
    0x08004bda   0x00000018   Code   RO         3392    i.TIM_Cmd           stm32f10x_tim.o
    0x08004bf2   0x00000002   PAD
    0x08004bf4   0x000001e8   Code   RO         3397    i.TIM_DeInit        stm32f10x_tim.o
    0x08004ddc   0x00000012   Code   RO         3417    i.TIM_ITConfig      stm32f10x_tim.o
    0x08004dee   0x00000002   PAD
    0x08004df0   0x00000098   Code   RO         3421    i.TIM_OC1Init       stm32f10x_tim.o
    0x08004e88   0x00000012   Code   RO         3424    i.TIM_OC1PreloadConfig  stm32f10x_tim.o
    0x08004e9a   0x00000002   PAD
    0x08004e9c   0x000000a4   Code   RO         3426    i.TIM_OC2Init       stm32f10x_tim.o
    0x08004f40   0x0000001a   Code   RO         3429    i.TIM_OC2PreloadConfig  stm32f10x_tim.o
    0x08004f5a   0x00000002   PAD
    0x08004f5c   0x000000a0   Code   RO         3431    i.TIM_OC3Init       stm32f10x_tim.o
    0x08004ffc   0x00000012   Code   RO         3434    i.TIM_OC3PreloadConfig  stm32f10x_tim.o
    0x0800500e   0x00000002   PAD
    0x08005010   0x0000007c   Code   RO         3436    i.TIM_OC4Init       stm32f10x_tim.o
    0x0800508c   0x0000001a   Code   RO         3438    i.TIM_OC4PreloadConfig  stm32f10x_tim.o
    0x080050a6   0x00000002   PAD
    0x080050a8   0x000000a4   Code   RO         3463    i.TIM_TimeBaseInit  stm32f10x_tim.o
    0x0800514c   0x00000088   Code   RO          334    i.Task              tasks.o
    0x080051d4   0x00000088   Code   RO          335    i.Task_1000HZ       tasks.o
    0x0800525c   0x00000020   Code   RO          336    i.Task_1HZ          tasks.o
    0x0800527c   0x0000001c   Code   RO          337    i.Task_250HZ        tasks.o
    0x08005298   0x0000001c   Code   RO          338    i.Task_500HZ        tasks.o
    0x080052b4   0x00000014   Code   RO          339    i.Task_50HZ         tasks.o
    0x080052c8   0x0000006c   Code   RO          340    i.Task_check        tasks.o
    0x08005334   0x000000a0   Code   RO          694    i.Tim2_init         motor.o
    0x080053d4   0x00000074   Code   RO          586    i.Tim4_init         led.o
    0x08005448   0x00000064   Code   RO          715    i.Timer3_Init       timer3.o
    0x080054ac   0x00000088   Code   RO          632    i.USART1_IRQHandler  uart.o
    0x08005534   0x00000088   Code   RO         1153    i.USART3_IRQHandler  usart3.o
    0x080055bc   0x0000003c   Code   RO         1154    i.USART3_PrintHexU8  usart3.o
    0x080055f8   0x00000012   Code   RO         3924    i.USART_ClearFlag   stm32f10x_usart.o
    0x0800560a   0x00000018   Code   RO         3928    i.USART_Cmd         stm32f10x_usart.o
    0x08005622   0x0000001a   Code   RO         3931    i.USART_GetFlagStatus  stm32f10x_usart.o
    0x0800563c   0x0000004a   Code   RO         3934    i.USART_ITConfig    stm32f10x_usart.o
    0x08005686   0x00000002   PAD
    0x08005688   0x000000d8   Code   RO         3935    i.USART_Init        stm32f10x_usart.o
    0x08005760   0x0000000a   Code   RO         3942    i.USART_ReceiveData  stm32f10x_usart.o
    0x0800576a   0x00000002   PAD
    0x0800576c   0x00000078   Code   RO          302    i.US_100_Filter     filter.o
    0x080057e4   0x00000098   Code   RO          633    i.Uart1_Init        uart.o
    0x0800587c   0x00000098   Code   RO         1155    i.Uart3_Init        usart3.o
    0x08005914   0x00000004   Code   RO          177    i.UsageFault_Handler  stm32f10x_it.o
    0x08005918   0x00000028   Code   RO         4283    i.__ARM_fpclassify  m_ws.l(fpclassify.o)
    0x08005940   0x000001f8   Code   RO          742    i.__EE_Init         eeprom.o
    0x08005b38   0x00000388   Code   RO         4288    i.__ieee754_rem_pio2  m_ws.l(rred.o)
    0x08005ec0   0x000000fc   Code   RO         4278    i.__kernel_cos      m_ws.l(cos_i.o)
    0x08005fbc   0x000000aa   Code   RO         4285    i.__kernel_poly     m_ws.l(poly.o)
    0x08006066   0x00000002   PAD
    0x08006068   0x000000ec   Code   RO         4293    i.__kernel_sin      m_ws.l(sin_i.o)
    0x08006154   0x00000010   Code   RO         4281    i.__mathlib_dbl_underflow  m_ws.l(dunder.o)
    0x08006164   0x00000006   Code   RO          805    i.__set_PRIMASK     struct_all.o
    0x0800616a   0x00000002   PAD
    0x0800616c   0x0000027c   Code   RO         4227    i.asin              m_ws.l(asin.o)
    0x080063e8   0x00000224   Code   RO         4269    i.atan              m_ws.l(atan.o)
    0x0800660c   0x00000180   Code   RO         4237    i.atan2             m_ws.l(atan2.o)
    0x0800678c   0x00000188   Code   RO          874    i.get_Battery_Fly   dma_adc.o
    0x08006914   0x00000024   Code   RO         1118    i.get_high          us_100.o
    0x08006938   0x0000004c   Code   RO          404    i.invSqrt           maths.o
    0x08006984   0x0000000c   Code   RO           10    i.main              main.o
    0x08006990   0x000000e4   Code   RO         1119    i.receive_higt      us_100.o
    0x08006a74   0x000000b0   Code   RO         4245    i.sin               m_ws.l(sin.o)
    0x08006b24   0x0000004c   Code   RO         4300    i.sqrt              m_ws.l(sqrt.o)
    0x08006b70   0x00000062   Code   RO         4164    x$fpl$d2f           fz_ws.l(d2f.o)
    0x08006bd2   0x00000002   PAD
    0x08006bd4   0x00000150   Code   RO         4166    x$fpl$dadd          fz_ws.l(daddsub_clz.o)
    0x08006d24   0x00000010   Code   RO         4327    x$fpl$dcheck1       fz_ws.l(dcheck1.o)
    0x08006d34   0x000002b0   Code   RO         4173    x$fpl$ddiv          fz_ws.l(ddiv.o)
    0x08006fe4   0x0000005e   Code   RO         4176    x$fpl$dfix          fz_ws.l(dfix.o)
    0x08007042   0x00000002   PAD
    0x08007044   0x0000005a   Code   RO         4180    x$fpl$dfixu         fz_ws.l(dfixu.o)
    0x0800709e   0x0000002e   Code   RO         4185    x$fpl$dflt          fz_ws.l(dflt_clz.o)
    0x080070cc   0x00000026   Code   RO         4184    x$fpl$dfltu         fz_ws.l(dflt_clz.o)
    0x080070f2   0x00000002   PAD
    0x080070f4   0x00000154   Code   RO         4190    x$fpl$dmul          fz_ws.l(dmul.o)
    0x08007248   0x0000009c   Code   RO         4255    x$fpl$dnaninf       fz_ws.l(dnaninf.o)
    0x080072e4   0x0000000c   Code   RO         4257    x$fpl$dretinf       fz_ws.l(dretinf.o)
    0x080072f0   0x00000016   Code   RO         4167    x$fpl$drsb          fz_ws.l(daddsub_clz.o)
    0x08007306   0x00000002   PAD
    0x08007308   0x000001cc   Code   RO         4331    x$fpl$dsqrt         fz_ws.l(dsqrt_noumaal.o)
    0x080074d4   0x000001d4   Code   RO         4168    x$fpl$dsub          fz_ws.l(daddsub_clz.o)
    0x080076a8   0x00000056   Code   RO         4192    x$fpl$f2d           fz_ws.l(f2d.o)
    0x080076fe   0x00000002   PAD
    0x08007700   0x000000c4   Code   RO         4194    x$fpl$fadd          fz_ws.l(faddsub_clz.o)
    0x080077c4   0x00000018   Code   RO         4259    x$fpl$fcmpinf       fz_ws.l(fcmpi.o)
    0x080077dc   0x00000184   Code   RO         4201    x$fpl$fdiv          fz_ws.l(fdiv.o)
    0x08007960   0x00000068   Code   RO         4204    x$fpl$feqf          fz_ws.l(feqf.o)
    0x080079c8   0x00000036   Code   RO         4206    x$fpl$ffix          fz_ws.l(ffix.o)
    0x080079fe   0x00000002   PAD
    0x08007a00   0x0000003e   Code   RO         4210    x$fpl$ffixu         fz_ws.l(ffixu.o)
    0x08007a3e   0x00000002   PAD
    0x08007a40   0x00000030   Code   RO         4215    x$fpl$fflt          fz_ws.l(fflt_clz.o)
    0x08007a70   0x00000026   Code   RO         4214    x$fpl$ffltu         fz_ws.l(fflt_clz.o)
    0x08007a96   0x00000002   PAD
    0x08007a98   0x00000068   Code   RO         4220    x$fpl$fleqf         fz_ws.l(fleqf.o)
    0x08007b00   0x00000102   Code   RO         4222    x$fpl$fmul          fz_ws.l(fmul.o)
    0x08007c02   0x0000008c   Code   RO         4261    x$fpl$fnaninf       fz_ws.l(fnaninf.o)
    0x08007c8e   0x0000000a   Code   RO         4263    x$fpl$fretinf       fz_ws.l(fretinf.o)
    0x08007c98   0x00000062   Code   RO         4224    x$fpl$frleqf        fz_ws.l(frleqf.o)
    0x08007cfa   0x00000014   Code   RO         4195    x$fpl$frsb          fz_ws.l(faddsub_clz.o)
    0x08007d0e   0x00000002   PAD
    0x08007d10   0x000000ea   Code   RO         4196    x$fpl$fsub          fz_ws.l(faddsub_clz.o)
    0x08007dfa   0x00000064   Code   RO         4348    x$fpl$retnan        fz_ws.l(retnan.o)
    0x08007e5e   0x0000005c   Code   RO         4265    x$fpl$scalbn        fz_ws.l(scalbn.o)
    0x08007eba   0x00000030   Code   RO         4395    x$fpl$trapveneer    fz_ws.l(trapv.o)
    0x08007eea   0x00000000   Code   RO         4267    x$fpl$usenofp       fz_ws.l(usenofp.o)
    0x08007eea   0x00000006   PAD
    0x08007ef0   0x00000050   Data   RO         4228    .constdata          m_ws.l(asin.o)
    0x08007f40   0x00000098   Data   RO         4270    .constdata          m_ws.l(atan.o)
    0x08007fd8   0x00000030   Data   RO         4279    .constdata          m_ws.l(cos_i.o)
    0x08008008   0x00000008   Data   RO         4287    .constdata          m_ws.l(qnan.o)
    0x08008010   0x000000c8   Data   RO         4290    .constdata          m_ws.l(rred.o)
    0x080080d8   0x00000028   Data   RO         4294    .constdata          m_ws.l(sin_i.o)
    0x08008100   0x00000020   Data   RO         4473    Region$$Table       anon$$obj.o


    Execution Region RW_IRAM1 (Base: 0x20000000, Size: 0x00000cf8, Max: 0x00005000, ABSOLUTE, COMPRESSED[0x00000048])

    Base Addr    Size         Type   Attr      Idx    E Section Name        Object

    0x20000000   0x00000008   Data   RW          178    .data               stm32f10x_it.o
    0x20000008   0x0000001c   Data   RW          280    .data               imu.o
    0x20000024   0x0000001c   Data   RW          304    .data               filter.o
    0x20000040   0x00000006   Data   RW          341    .data               tasks.o
    0x20000046   0x00000002   PAD
    0x20000048   0x00000014   Data   RW          432    .data               control.o
    0x2000005c   0x00000008   Data   RW          488    .data               protocol.o
    0x20000064   0x00000004   Data   RW          587    .data               led.o
    0x20000068   0x00000004   Data   RW          635    .data               uart.o
    0x2000006c   0x00000006   Data   RW          716    .data               timer3.o
    0x20000072   0x00000002   PAD
    0x20000074   0x00000008   Data   RW          743    .data               eeprom.o
    0x2000007c   0x0000004a   Data   RW          807    .data               struct_all.o
    0x200000c6   0x0000000a   Data   RW          875    .data               dma_adc.o
    0x200000d0   0x00000025   Data   RW          924    .data               i2c_mpu6050.o
    0x200000f5   0x00000001   PAD
    0x200000f6   0x0000000c   Data   RW         1032    .data               spi_nrf24l01.o
    0x20000102   0x00000002   PAD
    0x20000104   0x00000021   Data   RW         1120    .data               us_100.o
    0x20000125   0x00000002   Data   RW         1157    .data               usart3.o
    0x20000127   0x00000014   Data   RW         2788    .data               stm32f10x_rcc.o
    0x2000013b   0x00000001   PAD
    0x2000013c   0x00000082   Zero   RW          303    .bss                filter.o
    0x200001be   0x00000002   PAD
    0x200001c0   0x00000030   Zero   RW          431    .bss                control.o
    0x200001f0   0x00000138   Zero   RW          487    .bss                protocol.o
    0x20000328   0x00000164   Zero   RW          634    .bss                uart.o
    0x2000048c   0x000000bc   Zero   RW          806    .bss                struct_all.o
    0x20000548   0x0000000e   Zero   RW          923    .bss                i2c_mpu6050.o
    0x20000556   0x00000040   Zero   RW         1031    .bss                spi_nrf24l01.o
    0x20000596   0x00000100   Zero   RW         1156    .bss                usart3.o
    0x20000696   0x00000002   PAD
    0x20000698   0x00000060   Zero   RW         4334    .bss                c_w.l(libspace.o)
    0x200006f8   0x00000200   Zero   RW            2    HEAP                startup_stm32f10x_md.o
    0x200008f8   0x00000400   Zero   RW            1    STACK               startup_stm32f10x_md.o


==============================================================================

Image component sizes


      Code (inc. data)   RO Data    RW Data    ZI Data      Debug   Object Name

      3358        264          0         20         48       7005   control.o
       704         66          0         10          0       2604   dma_adc.o
      1280         84          0          8          0       7230   eeprom.o
       612         58          0         28        130       2956   filter.o
      1994        220          0         37         14       9923   i2c_mpu6050.o
      1352         78          0         28          0       2381   imu.o
       598         88          0          4          0       3121   led.o
        12          0          0          0          0     288425   main.o
       144         10          0          0          0       1343   maths.o
       136         24          0          0          0       1571   misc.o
       264         38          0          0          0       1585   motor.o
      3900        178          0          8        312       9635   protocol.o
      1280        192          0         12         64       8947   spi_nrf24l01.o
        64         26        236          0       1536        896   startup_stm32f10x_md.o
       518         30          0          0          0       8521   stm32f10x_adc.o
       416          8          0          0          0       3466   stm32f10x_dma.o
       200         18          0          0          0       2140   stm32f10x_exti.o
       254         24          0          0          0       2961   stm32f10x_flash.o
       482         10          0          0          0       3436   stm32f10x_gpio.o
       124         18          0          8          0       4607   stm32f10x_it.o
       400         60          0         20          0       6739   stm32f10x_rcc.o
       112          0          0          0          0       3866   stm32f10x_spi.o
      1412        156          0          0          0       9484   stm32f10x_tim.o
       368          6          0          0          0       5434   stm32f10x_usart.o
      1250        196          0         74        188      22455   struct_all.o
       324         26          0          0          0       1817   system_stm32f10x.o
       770        162          0          6          0       4264   tasks.o
       100         14          0          6          0        794   timer3.o
       372         40          0          4        356       2675   uart.o
       276         66          0         33          0       2336   us_100.o
       348         40          0          2        256       2159   usart3.o

    ----------------------------------------------------------------------
     23460       2200        268        316       2908     434776   Object Totals
         0          0         32          0          0          0   (incl. Generated)
        36          0          0          8          4          0   (incl. Padding)

    ----------------------------------------------------------------------

      Code (inc. data)   RO Data    RW Data    ZI Data      Debug   Library Member Name

        90          0          0          0          0          0   __dczerorl2.o
         8          0          0          0          0         68   __main.o
        52          8          0          0          0          0   __scatter.o
        28          0          0          0          0          0   __scatter_zi.o
        22          0          0          0          0        100   _rserrno.o
        12          0          0          0          0         72   exit.o
         6          0          0          0          0        152   heapauxi.o
         0          0          0          0          0          0   indicate_semi.o
         2          0          0          0          0          0   libinit.o
         2          0          0          0          0          0   libinit2.o
         2          0          0          0          0          0   libshutdown.o
         2          0          0          0          0          0   libshutdown2.o
         8          4          0          0         96         68   libspace.o
         8          4          0          0          0         68   rt_errno_addr_intlibspace.o
         0          0          0          0          0          0   rtentry.o
        12          0          0          0          0          0   rtentry2.o
         6          0          0          0          0          0   rtentry4.o
         2          0          0          0          0          0   rtexit.o
        10          0          0          0          0          0   rtexit2.o
        12          4          0          0          0         68   sys_exit.o
        74          0          0          0          0         80   sys_stackheap_outer.o
         2          0          0          0          0         68   use_no_semi.o
        98          4          0          0          0         92   d2f.o
       826         16          0          0          0        348   daddsub_clz.o
        16          4          0          0          0         68   dcheck1.o
       688        140          0          0          0        208   ddiv.o
        94          4          0          0          0         92   dfix.o
        90          4          0          0          0         92   dfixu.o
        84          0          0          0          0        136   dflt_clz.o
       340         12          0          0          0        104   dmul.o
       156          4          0          0          0         92   dnaninf.o
        12          0          0          0          0         68   dretinf.o
       460         56          0          0          0        120   dsqrt_noumaal.o
        86          4          0          0          0         84   f2d.o
       450          8          0          0          0        236   faddsub_clz.o
        24          0          0          0          0         68   fcmpi.o
       388         76          0          0          0         96   fdiv.o
       104          4          0          0          0         84   feqf.o
        54          4          0          0          0         84   ffix.o
        62          4          0          0          0         84   ffixu.o
        86          0          0          0          0        136   fflt_clz.o
       104          4          0          0          0         84   fleqf.o
       258          4          0          0          0         84   fmul.o
       140          4          0          0          0         84   fnaninf.o
        10          0          0          0          0         68   fretinf.o
        98          0          0          0          0         68   frleqf.o
       100          0          0          0          0         68   retnan.o
        92          0          0          0          0         68   scalbn.o
        48          0          0          0          0         68   trapv.o
         0          0          0          0          0          0   usenofp.o
       636         52         80          0          0        168   asin.o
       548         70        152          0          0        124   atan.o
       384         38          0          0          0        144   atan2.o
       252         22         48          0          0        124   cos_i.o
        16          6          0          0          0         68   dunder.o
        40          0          0          0          0         68   fpclassify.o
       170          0          0          0          0         96   poly.o
         0          0          8          0          0          0   qnan.o
       904         72        200          0          0        140   rred.o
       176         10          0          0          0        116   sin.o
       236         12         40          0          0        128   sin_i.o
        76          0          0          0          0         84   sqrt.o

    ----------------------------------------------------------------------
      8800        658        528          0         96       4888   Library Totals
        34          0          0          0          0          0   (incl. Padding)

    ----------------------------------------------------------------------

      Code (inc. data)   RO Data    RW Data    ZI Data      Debug   Library Name

       360         20          0          0         96        744   c_w.l
      4968        356          0          0          0       2884   fz_ws.l
      3438        282        528          0          0       1260   m_ws.l

    ----------------------------------------------------------------------
      8800        658        528          0         96       4888   Library Totals

    ----------------------------------------------------------------------

==============================================================================


      Code (inc. data)   RO Data    RW Data    ZI Data      Debug   

     32260       2858        796        316       3004     427704   Grand Totals
     32260       2858        796         72       3004     427704   ELF Image Totals (compressed)
     32260       2858        796         72          0          0   ROM Totals

==============================================================================

    Total RO  Size (Code + RO Data)                33056 (  32.28kB)
    Total RW  Size (RW Data + ZI Data)              3320 (   3.24kB)
    Total ROM Size (Code + RO Data + RW Data)      33128 (  32.35kB)

==============================================================================

